Component: ARM Compiler 5.06 update 6 (build 750) Tool: armlink [4d35ed]

==============================================================================

Section Cross References

    main.o(i.display_task) refers to tasks.o(i.vTaskSuspend) for vTaskSuspend
    main.o(i.display_task) refers to tasks.o(i.vTaskDelay) for vTaskDelay
    main.o(i.display_task) refers to lwip_comm.o(.bss) for lwipdev
    main.o(i.display_task) refers to main.o(.data) for DisplayTask_Handler
    main.o(i.led_task) refers to tasks.o(i.vTaskDelay) for vTaskDelay
    main.o(i.main) refers to delay.o(i.delay_init) for delay_init
    main.o(i.main) refers to misc.o(i.NVIC_PriorityGroupConfig) for NVIC_PriorityGroupConfig
    main.o(i.main) refers to usart.o(i.uart_init) for uart_init
    main.o(i.main) refers to led.o(i.LED_Init) for LED_Init
    main.o(i.main) refers to lcd.o(i.LCD_Init) for LCD_Init
    main.o(i.main) refers to key.o(i.KEY_Init) for KEY_Init
    main.o(i.main) refers to sram.o(i.FSMC_SRAM_Init) for FSMC_SRAM_Init
    main.o(i.main) refers to malloc.o(i.my_mem_init) for my_mem_init
    main.o(i.main) refers to tasks.o(i.xTaskCreate) for xTaskCreate
    main.o(i.main) refers to tasks.o(i.vTaskStartScheduler) for vTaskStartScheduler
    main.o(i.main) refers to main.o(.data) for StartTask_Handler
    main.o(i.main) refers to main.o(i.start_task) for start_task
    main.o(i.show_address) refers to _printf_percent.o(.ARM.Collect$$_printf_percent$$00000000) for _printf_percent
    main.o(i.show_address) refers to _printf_d.o(.ARM.Collect$$_printf_percent$$00000009) for _printf_d
    main.o(i.show_address) refers to _printf_dec.o(.text) for _printf_int_dec
    main.o(i.show_address) refers to noretval__2sprintf.o(.text) for __2sprintf
    main.o(i.show_address) refers to lwip_comm.o(.bss) for lwipdev
    main.o(i.start_task) refers to lwip_comm.o(i.lwip_comm_init) for lwip_comm_init
    main.o(i.start_task) refers to port.o(i.vPortEnterCritical) for vPortEnterCritical
    main.o(i.start_task) refers to lwip_comm.o(i.lwip_comm_dhcp_creat) for lwip_comm_dhcp_creat
    main.o(i.start_task) refers to tasks.o(i.xTaskCreate) for xTaskCreate
    main.o(i.start_task) refers to tasks.o(i.vTaskDelete) for vTaskDelete
    main.o(i.start_task) refers to port.o(i.vPortExitCritical) for vPortExitCritical
    main.o(i.start_task) refers to main.o(.data) for LedTask_Handler
    main.o(i.start_task) refers to main.o(i.led_task) for led_task
    main.o(i.start_task) refers to main.o(i.display_task) for display_task
    system_stm32f10x.o(i.SetSysClock) refers to system_stm32f10x.o(i.SetSysClockTo72) for SetSysClockTo72
    system_stm32f10x.o(i.SystemCoreClockUpdate) refers to system_stm32f10x.o(.data) for SystemCoreClock
    system_stm32f10x.o(i.SystemInit) refers to system_stm32f10x.o(i.SetSysClock) for SetSysClock
    led.o(i.LED_Init) refers to stm32f10x_rcc.o(i.RCC_APB2PeriphClockCmd) for RCC_APB2PeriphClockCmd
    led.o(i.LED_Init) refers to stm32f10x_gpio.o(i.GPIO_Init) for GPIO_Init
    led.o(i.LED_Init) refers to stm32f10x_gpio.o(i.GPIO_SetBits) for GPIO_SetBits
    timer.o(i.ConfigureTimeForRunTimeStats) refers to timer.o(i.TIM3_Int_Init) for TIM3_Int_Init
    timer.o(i.ConfigureTimeForRunTimeStats) refers to timer.o(.data) for FreeRTOSRunTimeTicks
    timer.o(i.TIM3_IRQHandler) refers to stm32f10x_tim.o(i.TIM_GetITStatus) for TIM_GetITStatus
    timer.o(i.TIM3_IRQHandler) refers to stm32f10x_tim.o(i.TIM_ClearITPendingBit) for TIM_ClearITPendingBit
    timer.o(i.TIM3_IRQHandler) refers to timer.o(.data) for FreeRTOSRunTimeTicks
    timer.o(i.TIM3_Int_Init) refers to stm32f10x_rcc.o(i.RCC_APB1PeriphClockCmd) for RCC_APB1PeriphClockCmd
    timer.o(i.TIM3_Int_Init) refers to stm32f10x_tim.o(i.TIM_TimeBaseInit) for TIM_TimeBaseInit
    timer.o(i.TIM3_Int_Init) refers to stm32f10x_tim.o(i.TIM_ITConfig) for TIM_ITConfig
    timer.o(i.TIM3_Int_Init) refers to misc.o(i.NVIC_Init) for NVIC_Init
    timer.o(i.TIM3_Int_Init) refers to stm32f10x_tim.o(i.TIM_Cmd) for TIM_Cmd
    lcd.o(i.LCD_Clear) refers to lcd.o(i.LCD_SetCursor) for LCD_SetCursor
    lcd.o(i.LCD_Clear) refers to lcd.o(i.LCD_WriteRAM_Prepare) for LCD_WriteRAM_Prepare
    lcd.o(i.LCD_Clear) refers to lcd.o(.bss) for lcddev
    lcd.o(i.LCD_Color_Fill) refers to lcd.o(i.LCD_SetCursor) for LCD_SetCursor
    lcd.o(i.LCD_Color_Fill) refers to lcd.o(i.LCD_WriteRAM_Prepare) for LCD_WriteRAM_Prepare
    lcd.o(i.LCD_DisplayOff) refers to lcd.o(i.LCD_WR_REG) for LCD_WR_REG
    lcd.o(i.LCD_DisplayOff) refers to lcd.o(i.LCD_WriteReg) for LCD_WriteReg
    lcd.o(i.LCD_DisplayOff) refers to lcd.o(.bss) for lcddev
    lcd.o(i.LCD_DisplayOn) refers to lcd.o(i.LCD_WR_REG) for LCD_WR_REG
    lcd.o(i.LCD_DisplayOn) refers to lcd.o(i.LCD_WriteReg) for LCD_WriteReg
    lcd.o(i.LCD_DisplayOn) refers to lcd.o(.bss) for lcddev
    lcd.o(i.LCD_Display_Dir) refers to lcd.o(i.LCD_Scan_Dir) for LCD_Scan_Dir
    lcd.o(i.LCD_Display_Dir) refers to lcd.o(.bss) for lcddev
[...]
    LCD_WR_REG                               0x08005425   Thumb Code     6  lcd.o(i.LCD_WR_REG)
    LCD_WriteRAM_Prepare                     0x08005431   Thumb Code    10  lcd.o(i.LCD_WriteRAM_Prepare)
    LCD_WriteReg                             0x08005445   Thumb Code    10  lcd.o(i.LCD_WriteReg)
    LED_Init                                 0x08005455   Thumb Code    68  led.o(i.LED_Init)
    MemManage_Handler                        0x080054a1   Thumb Code     4  stm32f10x_it.o(i.MemManage_Handler)
    NMI_Handler                              0x080054a5   Thumb Code     2  stm32f10x_it.o(i.NMI_Handler)
    NVIC_Init                                0x080054a9   Thumb Code   100  misc.o(i.NVIC_Init)
    NVIC_PriorityGroupConfig                 0x08005519   Thumb Code    10  misc.o(i.NVIC_PriorityGroupConfig)
    RCC_AHBPeriphClockCmd                    0x0800552d   Thumb Code    26  stm32f10x_rcc.o(i.RCC_AHBPeriphClockCmd)
    RCC_APB1PeriphClockCmd                   0x0800554d   Thumb Code    26  stm32f10x_rcc.o(i.RCC_APB1PeriphClockCmd)
    RCC_APB2PeriphClockCmd                   0x0800556d   Thumb Code    26  stm32f10x_rcc.o(i.RCC_APB2PeriphClockCmd)
    RCC_GetClocksFreq                        0x0800558d   Thumb Code   192  stm32f10x_rcc.o(i.RCC_GetClocksFreq)
    SysTick_CLKSourceConfig                  0x08005749   Thumb Code    40  misc.o(i.SysTick_CLKSourceConfig)
    SysTick_Handler                          0x08005771   Thumb Code    20  delay.o(i.SysTick_Handler)
    SystemInit                               0x08005785   Thumb Code    78  system_stm32f10x.o(i.SystemInit)
    TIM3_IRQHandler                          0x080057e5   Thumb Code    42  timer.o(i.TIM3_IRQHandler)
    TIM3_Int_Init                            0x08005819   Thumb Code    90  timer.o(i.TIM3_Int_Init)
    TIM_ClearITPendingBit                    0x08005879   Thumb Code     6  stm32f10x_tim.o(i.TIM_ClearITPendingBit)
    TIM_Cmd                                  0x0800587f   Thumb Code    24  stm32f10x_tim.o(i.TIM_Cmd)
    TIM_GetITStatus                          0x08005897   Thumb Code    34  stm32f10x_tim.o(i.TIM_GetITStatus)
    TIM_ITConfig                             0x080058b9   Thumb Code    18  stm32f10x_tim.o(i.TIM_ITConfig)
    TIM_TimeBaseInit                         0x080058cd   Thumb Code   122  stm32f10x_tim.o(i.TIM_TimeBaseInit)
    USART1_IRQHandler                        0x08005971   Thumb Code   122  usart.o(i.USART1_IRQHandler)
    USART_Cmd                                0x080059f9   Thumb Code    24  stm32f10x_usart.o(i.USART_Cmd)
    USART_GetITStatus                        0x08005a11   Thumb Code    84  stm32f10x_usart.o(i.USART_GetITStatus)
    USART_ITConfig                           0x08005a65   Thumb Code    74  stm32f10x_usart.o(i.USART_ITConfig)
    USART_Init                               0x08005ab1   Thumb Code   210  stm32f10x_usart.o(i.USART_Init)
    USART_ReceiveData                        0x08005b89   Thumb Code    10  stm32f10x_usart.o(i.USART_ReceiveData)
    UsageFault_Handler                       0x08005b93   Thumb Code     4  stm32f10x_it.o(i.UsageFault_Handler)
    _sys_exit                                0x08005b97   Thumb Code     4  usart.o(i._sys_exit)
    delay_init                               0x08005bbd   Thumb Code    74  delay.o(i.delay_init)
    delay_ms                                 0x08005c19   Thumb Code    60  delay.o(i.delay_ms)
    delay_us                                 0x08005c59   Thumb Code    68  delay.o(i.delay_us)
    dhcp_arp_reply                           0x08005ca1   Thumb Code    76  dhcp.o(i.dhcp_arp_reply)
    dhcp_coarse_tmr                          0x08005f41   Thumb Code    74  dhcp.o(i.dhcp_coarse_tmr)
    dhcp_fine_tmr                            0x08006515   Thumb Code    68  dhcp.o(i.dhcp_fine_tmr)
    dhcp_release                             0x080072ad   Thumb Code   176  dhcp.o(i.dhcp_release)
    dhcp_renew                               0x08007361   Thumb Code   148  dhcp.o(i.dhcp_renew)
    dhcp_start                               0x08007509   Thumb Code   300  dhcp.o(i.dhcp_start)
    dhcp_stop                                0x080076c9   Thumb Code   104  dhcp.o(i.dhcp_stop)
    display_task                             0x08007905   Thumb Code    26  main.o(i.display_task)
    etharp_cleanup_netif                     0x08007af1   Thumb Code    52  etharp.o(i.etharp_cleanup_netif)
    etharp_output                            0x08007e91   Thumb Code   378  etharp.o(i.etharp_output)
    etharp_query                             0x080081ad   Thumb Code   460  etharp.o(i.etharp_query)
    etharp_request                           0x080085c1   Thumb Code    40  etharp.o(i.etharp_request)
    etharp_tmr                               0x080086a1   Thumb Code   144  etharp.o(i.etharp_tmr)
    ethernet_input                           0x0800888d   Thumb Code   200  etharp.o(i.ethernet_input)
    ethernetif_init                          0x080089d1   Thumb Code    56  ethernetif.o(i.ethernetif_init)
    ethernetif_input                         0x08008a75   Thumb Code    78  ethernetif.o(i.ethernetif_input)
    fputc                                    0x08008ac9   Thumb Code    24  usart.o(i.fputc)
    icmp_dest_unreach                        0x08008ae5   Thumb Code    18  icmp.o(i.icmp_dest_unreach)
    icmp_input                               0x08008af9   Thumb Code   524  icmp.o(i.icmp_input)
    icmp_time_exceeded                       0x08008f6d   Thumb Code    18  icmp.o(i.icmp_time_exceeded)
    inet_chksum                              0x08008f7f   Thumb Code    20  inet_chksum.o(i.inet_chksum)
    inet_chksum_pbuf                         0x08008f93   Thumb Code    86  inet_chksum.o(i.inet_chksum_pbuf)
    inet_chksum_pseudo                       0x08008fe9   Thumb Code   170  inet_chksum.o(i.inet_chksum_pseudo)
    ip4_addr_isbroadcast                     0x08009093   Thumb Code    78  ip_addr.o(i.ip4_addr_isbroadcast)
    ip_frag                                  0x080090e1   Thumb Code   448  ip_frag.o(i.ip_frag)
    ip_input                                 0x080093b5   Thumb Code   508  ip.o(i.ip_input)
    ip_output                                0x080095c5   Thumb Code    84  ip.o(i.ip_output)
    ip_output_if                             0x08009679   Thumb Code   318  ip.o(i.ip_output_if)
    ip_reass                                 0x0800984d   Thumb Code   410  ip_frag.o(i.ip_reass)
    ip_reass_tmr                             0x0800a079   Thumb Code    56  ip_frag.o(i.ip_reass_tmr)
    ip_route                                 0x0800a0b5   Thumb Code    80  ip.o(i.ip_route)
    led_task                                 0x0800a1c9   Thumb Code    54  main.o(i.led_task)
    lwip_comm_default_ip_set                 0x0800a279   Thumb Code   102  lwip_comm.o(i.lwip_comm_default_ip_set)
    lwip_comm_dhcp_creat                     0x0800a2e5   Thumb Code    34  lwip_comm.o(i.lwip_comm_dhcp_creat)
    lwip_comm_dhcp_delete                    0x0800a321   Thumb Code    18  lwip_comm.o(i.lwip_comm_dhcp_delete)
    lwip_comm_init                           0x0800a33d   Thumb Code   156  lwip_comm.o(i.lwip_comm_init)
    lwip_comm_mem_free                       0x0800a429   Thumb Code    24  lwip_comm.o(i.lwip_comm_mem_free)
    lwip_comm_mem_malloc                     0x0800a449   Thumb Code    76  lwip_comm.o(i.lwip_comm_mem_malloc)
    lwip_dhcp_task                           0x0800a4d1   Thumb Code   420  lwip_comm.o(i.lwip_dhcp_task)
    lwip_dm9000_input_task                   0x0800a831   Thumb Code    12  lwip_comm.o(i.lwip_dm9000_input_task)
    lwip_htonl                               0x0800a841   Thumb Code    26  def.o(i.lwip_htonl)
    lwip_htons                               0x0800a85b   Thumb Code    12  def.o(i.lwip_htons)
    lwip_init                                0x0800a867   Thumb Code    36  init.o(i.lwip_init)
    lwip_ntohl                               0x0800a88b   Thumb Code    12  def.o(i.lwip_ntohl)
    lwip_ntohs                               0x0800a897   Thumb Code    12  def.o(i.lwip_ntohs)
    lwip_socket_init                         0x0800a8a3   Thumb Code     2  sockets.o(i.lwip_socket_init)
    main                                     0x0800a905   Thumb Code    78  main.o(i.main)
    mem_free                                 0x0800a969   Thumb Code   182  mem.o(i.mem_free)
    mem_init                                 0x0800aad1   Thumb Code   114  mem.o(i.mem_init)
    mem_malloc                               0x0800abc5   Thumb Code   390  mem.o(i.mem_malloc)
    mem_trim                                 0x0800ae4d   Thumb Code   338  mem.o(i.mem_trim)
    memp_free                                0x0800b039   Thumb Code    74  memp.o(i.memp_free)
    memp_get_memorysize                      0x0800b0f9   Thumb Code     8  memp.o(i.memp_get_memorysize)
    memp_init                                0x0800b101   Thumb Code    86  memp.o(i.memp_init)
    memp_malloc                              0x0800b169   Thumb Code   104  memp.o(i.memp_malloc)
    my_mem_free                              0x0800b269   Thumb Code    96  malloc.o(i.my_mem_free)
    my_mem_init                              0x0800b2d5   Thumb Code    54  malloc.o(i.my_mem_init)
    my_mem_malloc                            0x0800b319   Thumb Code   164  malloc.o(i.my_mem_malloc)
    my_mem_perused                           0x0800b3c9   Thumb Code    54  malloc.o(i.my_mem_perused)
    myfree                                   0x0800b409   Thumb Code    30  malloc.o(i.myfree)
    mymalloc                                 0x0800b42d   Thumb Code    34  malloc.o(i.mymalloc)
    mymemset                                 0x0800b455   Thumb Code    20  malloc.o(i.mymemset)
    netif_add                                0x0800b469   Thumb Code   148  netif.o(i.netif_add)
    netif_init                               0x0800b56d   Thumb Code     2  netif.o(i.netif_init)
    netif_set_addr                           0x0800b56f   Thumb Code    40  netif.o(i.netif_set_addr)
    netif_set_default                        0x0800b599   Thumb Code    10  netif.o(i.netif_set_default)
    netif_set_down                           0x0800b5a9   Thumb Code    42  netif.o(i.netif_set_down)
    netif_set_gw                             0x0800b5d3   Thumb Code    16  netif.o(i.netif_set_gw)
    netif_set_ipaddr                         0x0800b5e5   Thumb Code   124  netif.o(i.netif_set_ipaddr)
    netif_set_netmask                        0x0800b669   Thumb Code    16  netif.o(i.netif_set_netmask)
    netif_set_up                             0x0800b679   Thumb Code    54  netif.o(i.netif_set_up)
    pbuf_alloc                               0x0800b6b1   Thumb Code   660  pbuf.o(i.pbuf_alloc)
    pbuf_alloced_custom                      0x0800bad5   Thumb Code   148  pbuf.o(i.pbuf_alloced_custom)
    pbuf_cat                                 0x0800bbdd   Thumb Code   126  pbuf.o(i.pbuf_cat)
    pbuf_chain                               0x0800bd25   Thumb Code    26  pbuf.o(i.pbuf_chain)
    pbuf_clen                                0x0800bd3f   Thumb Code    18  pbuf.o(i.pbuf_clen)
    pbuf_copy                                0x0800bd51   Thumb Code   326  pbuf.o(i.pbuf_copy)
    pbuf_copy_partial                        0x0800bf89   Thumb Code   182  pbuf.o(i.pbuf_copy_partial)
    pbuf_free                                0x0800c0d5   Thumb Code   272  pbuf.o(i.pbuf_free)
    pbuf_header                              0x0800c2e1   Thumb Code   200  pbuf.o(i.pbuf_header)
    pbuf_realloc                             0x0800c47d   Thumb Code   248  pbuf.o(i.pbuf_realloc)
    pbuf_ref                                 0x0800c641   Thumb Code    26  pbuf.o(i.pbuf_ref)
    pvPortMalloc                             0x0800d321   Thumb Code   262  heap_4.o(i.pvPortMalloc)
    pvTaskIncrementMutexHeldCount            0x0800d475   Thumb Code    26  tasks.o(i.pvTaskIncrementMutexHeldCount)
    pxPortInitialiseStack                    0x0800d495   Thumb Code    30  port.o(i.pxPortInitialiseStack)
    raw_input                                0x0800d4b9   Thumb Code   102  raw.o(i.raw_input)
    start_task                               0x0800d52d   Thumb Code    70  main.o(i.start_task)
    sys_arch_mbox_fetch                      0x0800d5a5   Thumb Code    98  sys_arch.o(i.sys_arch_mbox_fetch)
    sys_arch_protect                         0x0800d607   Thumb Code    10  sys_arch.o(i.sys_arch_protect)
    sys_arch_sem_wait                        0x0800d611   Thumb Code    86  sys_arch.o(i.sys_arch_sem_wait)
    sys_arch_unprotect                       0x0800d667   Thumb Code    10  sys_arch.o(i.sys_arch_unprotect)
    sys_init                                 0x0800d671   Thumb Code     2  sys_arch.o(i.sys_init)
    sys_mbox_new                             0x0800d675   Thumb Code    62  sys_arch.o(i.sys_mbox_new)
    sys_mbox_post                            0x0800d705   Thumb Code    24  sys_arch.o(i.sys_mbox_post)
    sys_mbox_trypost                         0x0800d71d   Thumb Code    32  sys_arch.o(i.sys_mbox_trypost)
    sys_mbox_valid                           0x0800d73d   Thumb Code    14  sys_arch.o(i.sys_mbox_valid)
    sys_sem_new                              0x0800d74b   Thumb Code    30  sys_arch.o(i.sys_sem_new)
    sys_sem_signal                           0x0800d769   Thumb Code    18  sys_arch.o(i.sys_sem_signal)
    sys_thread_new                           0x0800d77d   Thumb Code    46  sys_arch.o(i.sys_thread_new)
    sys_timeout                              0x0800d7b1   Thumb Code   174  timers_1.o(i.sys_timeout)
    sys_timeouts_init                        0x0800d8f9   Thumb Code    52  timers_1.o(i.sys_timeouts_init)
    sys_timeouts_mbox_fetch                  0x0800d93d   Thumb Code   132  timers_1.o(i.sys_timeouts_mbox_fetch)
    sys_untimeout                            0x0800d9c5   Thumb Code    90  timers_1.o(i.sys_untimeout)
    tcp_abandon                              0x0800da25   Thumb Code   174  tcp.o(i.tcp_abandon)
    tcp_abort                                0x0800db65   Thumb Code    14  tcp.o(i.tcp_abort)
    tcp_alloc                                0x0800db75   Thumb Code   180  tcp.o(i.tcp_alloc)
    tcp_close                                0x0800dc39   Thumb Code    28  tcp.o(i.tcp_close)
    tcp_eff_send_mss                         0x0800df59   Thumb Code    46  tcp.o(i.tcp_eff_send_mss)
    tcp_enqueue_flags                        0x0800df89   Thumb Code   418  tcp_out.o(i.tcp_enqueue_flags)
    tcp_fasttmr                              0x0800e22d   Thumb Code   114  tcp.o(i.tcp_fasttmr)
    tcp_init                                 0x0800e2ad   Thumb Code     2  tcp.o(i.tcp_init)
    tcp_input                                0x0800e2b1   Thumb Code  1708  tcp_in.o(i.tcp_input)
    tcp_keepalive                            0x0800e985   Thumb Code   102  tcp_out.o(i.tcp_keepalive)
    tcp_next_iss                             0x0800ebc1   Thumb Code    20  tcp.o(i.tcp_next_iss)
    tcp_output                               0x0800ec6d   Thumb Code   492  tcp_out.o(i.tcp_output)
    tcp_pcb_purge                            0x0800f1c5   Thumb Code   106  tcp.o(i.tcp_pcb_purge)
    tcp_pcb_remove                           0x0800f231   Thumb Code   210  tcp.o(i.tcp_pcb_remove)
    tcp_process_refused_data                 0x0800fa3d   Thumb Code   152  tcp.o(i.tcp_process_refused_data)
    tcp_recv_null                            0x080108a1   Thumb Code    46  tcp.o(i.tcp_recv_null)
    tcp_recved                               0x080108d1   Thumb Code   128  tcp.o(i.tcp_recved)
    tcp_rexmit                               0x080109ed   Thumb Code    90  tcp_out.o(i.tcp_rexmit)
    tcp_rexmit_fast                          0x08010a47   Thumb Code   120  tcp_out.o(i.tcp_rexmit_fast)
    tcp_rexmit_rto                           0x08010abf   Thumb Code    58  tcp_out.o(i.tcp_rexmit_rto)
    tcp_rst                                  0x08010af9   Thumb Code   174  tcp_out.o(i.tcp_rst)
    tcp_seg_copy                             0x08010c2d   Thumb Code    38  tcp.o(i.tcp_seg_copy)
    tcp_seg_free                             0x08010c53   Thumb Code    26  tcp.o(i.tcp_seg_free)
    tcp_segs_free                            0x08010c6d   Thumb Code    24  tcp.o(i.tcp_segs_free)
    tcp_send_empty_ack                       0x08010c85   Thumb Code   104  tcp_out.o(i.tcp_send_empty_ack)
    tcp_send_fin                             0x08010ced   Thumb Code    74  tcp_out.o(i.tcp_send_fin)
    tcp_slowtmr                              0x08010d39   Thumb Code  1424  tcp.o(i.tcp_slowtmr)
    tcp_timer_needed                         0x08011351   Thumb Code    38  timers_1.o(i.tcp_timer_needed)
    tcp_tmr                                  0x08011435   Thumb Code    30  tcp.o(i.tcp_tmr)
    tcp_update_rcv_ann_wnd                   0x08011459   Thumb Code   102  tcp.o(i.tcp_update_rcv_ann_wnd)
    tcp_zero_window_probe                    0x0801152d   Thumb Code   198  tcp_out.o(i.tcp_zero_window_probe)
    tcpip_callback_with_block                0x080115f5   Thumb Code    90  tcpip.o(i.tcpip_callback_with_block)
    tcpip_init                               0x08011655   Thumb Code    72  tcpip.o(i.tcpip_init)
    tcpip_input                              0x08011731   Thumb Code    72  tcpip.o(i.tcpip_input)
    uart_init                                0x08011919   Thumb Code   154  usart.o(i.uart_init)
    udp_bind                                 0x080119bd   Thumb Code   170  udp.o(i.udp_bind)
    udp_connect                              0x08011ac9   Thumb Code    98  udp.o(i.udp_connect)
    udp_init                                 0x08011b31   Thumb Code     2  udp.o(i.udp_init)
    udp_input                                0x08011b35   Thumb Code   550  udp.o(i.udp_input)
    udp_new                                  0x08011de1   Thumb Code    28  udp.o(i.udp_new)
    udp_recv                                 0x08011e55   Thumb Code     6  udp.o(i.udp_recv)
    udp_remove                               0x08011e5d   Thumb Code    60  udp.o(i.udp_remove)
    udp_sendto_if                            0x08011e9d   Thumb Code   304  udp.o(i.udp_sendto_if)
    uxListRemove                             0x0801204d   Thumb Code    40  list.o(i.uxListRemove)
    vListInitialise                          0x08012075   Thumb Code    26  list.o(i.vListInitialise)
    vListInitialiseItem                      0x0801208f   Thumb Code     6  list.o(i.vListInitialiseItem)
    vListInsert                              0x08012095   Thumb Code    52  list.o(i.vListInsert)
    vListInsertEnd                           0x080120c9   Thumb Code    24  list.o(i.vListInsertEnd)
    vPortEnterCritical                       0x080120e1   Thumb Code    68  port.o(i.vPortEnterCritical)
    vPortExitCritical                        0x08012169   Thumb Code    48  port.o(i.vPortExitCritical)
    vPortFree                                0x080121d9   Thumb Code   120  heap_4.o(i.vPortFree)
    vPortSetupTimerInterrupt                 0x08012291   Thumb Code    26  port.o(i.vPortSetupTimerInterrupt)
    vPortValidateInterruptPriority           0x080122b1   Thumb Code    86  port.o(i.vPortValidateInterruptPriority)
    vQueueAddToRegistry                      0x08012351   Thumb Code    38  queue.o(i.vQueueAddToRegistry)
    vQueueWaitForMessageRestricted           0x0801237d   Thumb Code    74  queue.o(i.vQueueWaitForMessageRestricted)
    vTaskDelay                               0x080123c9   Thumb Code    72  tasks.o(i.vTaskDelay)
    vTaskDelete                              0x0801243d   Thumb Code   192  tasks.o(i.vTaskDelete)
    vTaskMissedYield                         0x08012549   Thumb Code     8  tasks.o(i.vTaskMissedYield)
    vTaskPlaceOnEventList                    0x08012555   Thumb Code    42  tasks.o(i.vTaskPlaceOnEventList)
    vTaskPlaceOnEventListRestricted          0x080125a9   Thumb Code    50  tasks.o(i.vTaskPlaceOnEventListRestricted)
    vTaskPriorityInherit                     0x08012605   Thumb Code   164  tasks.o(i.vTaskPriorityInherit)
    vTaskSetTimeOutState                     0x080126b5   Thumb Code    32  tasks.o(i.vTaskSetTimeOutState)
    vTaskStartScheduler                      0x08012701   Thumb Code   112  tasks.o(i.vTaskStartScheduler)
    vTaskSuspend                             0x080127b1   Thumb Code   186  tasks.o(i.vTaskSuspend)
    vTaskSuspendAll                          0x080128b1   Thumb Code    12  tasks.o(i.vTaskSuspendAll)
    vTaskSwitchContext                       0x080128c1   Thumb Code   164  tasks.o(i.vTaskSwitchContext)
    xPortStartScheduler                      0x080129a9   Thumb Code   140  port.o(i.xPortStartScheduler)
    xPortSysTickHandler                      0x08012a49   Thumb Code    46  port.o(i.xPortSysTickHandler)
    xQueueCreateCountingSemaphore            0x08012a7d   Thumb Code    72  queue.o(i.xQueueCreateCountingSemaphore)
    xQueueCreateMutex                        0x08012ae9   Thumb Code    34  queue.o(i.xQueueCreateMutex)
    xQueueGenericCreate                      0x08012b0d   Thumb Code    78  queue.o(i.xQueueGenericCreate)
    xQueueGenericReceive                     0x08012b81   Thumb Code   416  queue.o(i.xQueueGenericReceive)
    xQueueGenericReset                       0x08012d49   Thumb Code   136  queue.o(i.xQueueGenericReset)
    xQueueGenericSend                        0x08012df9   Thumb Code   412  queue.o(i.xQueueGenericSend)
    xQueueGenericSendFromISR                 0x08012fbd   Thumb Code   234  queue.o(i.xQueueGenericSendFromISR)
    xQueueGiveFromISR                        0x080130cd   Thumb Code   216  queue.o(i.xQueueGiveFromISR)
    xTaskCheckForTimeOut                     0x080131c9   Thumb Code   116  tasks.o(i.xTaskCheckForTimeOut)
    xTaskCreate                              0x08013269   Thumb Code    96  tasks.o(i.xTaskCreate)
    xTaskGetSchedulerState                   0x080132c9   Thumb Code    24  tasks.o(i.xTaskGetSchedulerState)
    xTaskGetTickCount                        0x080132e9   Thumb Code     6  tasks.o(i.xTaskGetTickCount)
    xTaskIncrementTick                       0x080132f5   Thumb Code   272  tasks.o(i.xTaskIncrementTick)
    xTaskPriorityDisinherit                  0x08013455   Thumb Code   168  tasks.o(i.xTaskPriorityDisinherit)
    xTaskRemoveFromEventList                 0x0801352d   Thumb Code   118  tasks.o(i.xTaskRemoveFromEventList)
    xTaskResumeAll                           0x080135e1   Thumb Code   214  tasks.o(i.xTaskResumeAll)
    xTimerCreateTimerTask                    0x08013701   Thumb Code    56  timers.o(i.xTimerCreateTimerTask)
    xTimerGenericCommand                     0x08013775   Thumb Code   118  timers.o(i.xTimerGenericCommand)
    __aeabi_d2uiz                            0x08013819   Thumb Code     0  dfixu.o(x$fpl$dfixu)
    _dfixu                                   0x08013819   Thumb Code    90  dfixu.o(x$fpl$dfixu)
    __aeabi_ui2d                             0x08013873   Thumb Code     0  dflt_clz.o(x$fpl$dfltu)
    _dfltu                                   0x08013873   Thumb Code    38  dflt_clz.o(x$fpl$dfltu)
    __aeabi_dmul                             0x08013899   Thumb Code     0  dmul.o(x$fpl$dmul)
    _dmul                                    0x08013899   Thumb Code   332  dmul.o(x$fpl$dmul)
    __fpl_dnaninf                            0x080139ed   Thumb Code   156  dnaninf.o(x$fpl$dnaninf)
    __fpl_dretinf                            0x08013a89   Thumb Code    12  dretinf.o(x$fpl$dretinf)
    __I$use$fp                               0x08013a94   Number         0  usenofp.o(x$fpl$usenofp)
    memtblsize                               0x08013a94   Data           8  malloc.o(.constdata)
    memblksize                               0x08013a9c   Data           8  malloc.o(.constdata)
    memsize                                  0x08013aa4   Data           8  malloc.o(.constdata)
    ethbroadcast                             0x08013aac   Data           6  etharp.o(.constdata)
    ethzero                                  0x08013ab2   Data           6  etharp.o(.constdata)
    tcp_state_str                            0x08013af0   Data          44  tcp.o(.constdata)
    tcp_backoff                              0x08013b1c   Data          13  tcp.o(.constdata)
    tcp_persist_backoff                      0x08013b29   Data           7  tcp.o(.constdata)
    tcp_pcb_lists                            0x08013b30   Data          16  tcp.o(.constdata)
    ip_addr_any                              0x08013b40   Data           4  ip_addr.o(.constdata)
    ip_addr_broadcast                        0x08013b44   Data           4  ip_addr.o(.constdata)
    Region$$Table$$Base                      0x08013dbc   Number         0  anon$$obj.o(Region$$Table)
    Region$$Table$$Limit                     0x08013ddc   Number         0  anon$$obj.o(Region$$Table)
    StartTask_Handler                        0x20000000   Data           4  main.o(.data)
    DispalyTask_Handler                      0x20000004   Data           4  main.o(.data)
    LedTask_Handler                          0x20000008   Data           4  main.o(.data)
    DisplayTask_Handler                      0x2000000c   Data           4  main.o(.data)
    SystemCoreClock                          0x20000010   Data           4  system_stm32f10x.o(.data)
    AHBPrescTable                            0x20000014   Data          16  system_stm32f10x.o(.data)
    FreeRTOSRunTimeTicks                     0x20000028   Data           8  timer.o(.data)
    dm9000lock                               0x20000030   Data           4  dm9000.o(.data)
    dm9000input                              0x20000034   Data           4  dm9000.o(.data)
    __stdout                                 0x2000003c   Data           4  usart.o(.data)
    USART_RX_STA                             0x20000040   Data           2  usart.o(.data)
    mallco_dev                               0x20000058   Data          28  malloc.o(.data)
    pxCurrentTCB                             0x20000074   Data           4  tasks.o(.data)
    ram_heap                                 0x20000104   Data           4  mem.o(.data)
    memp_memory                              0x20000150   Data           4  memp.o(.data)
    netif_list                               0x20000154   Data           4  netif.o(.data)
    netif_default                            0x20000158   Data           4  netif.o(.data)
    pbuf_free_ooseq_pending                  0x2000015d   Data           1  pbuf.o(.data)
    tcp_ticks                                0x20000168   Data           4  tcp.o(.data)
    tcp_bound_pcbs                           0x2000016c   Data           4  tcp.o(.data)
    tcp_listen_pcbs                          0x20000170   Data           4  tcp.o(.data)
    tcp_active_pcbs                          0x20000174   Data           4  tcp.o(.data)
    tcp_tw_pcbs                              0x20000178   Data           4  tcp.o(.data)
    tcp_tmp_pcb                              0x2000017c   Data           4  tcp.o(.data)
    tcp_active_pcbs_changed                  0x20000180   Data           1  tcp.o(.data)
    tcp_input_pcb                            0x200001a4   Data           4  tcp_in.o(.data)
    udp_pcbs                                 0x200001b4   Data           4  udp.o(.data)
    current_netif                            0x200001b8   Data           4  ip.o(.data)
    current_header                           0x200001bc   Data           4  ip.o(.data)
    current_iphdr_src                        0x200001c0   Data           4  ip.o(.data)
    current_iphdr_dest                       0x200001c4   Data           4  ip.o(.data)
    LWIP_ThreadHandler                       0x200001d4   Data           4  sys_arch.o(.data)
    TCPTimer                                 0x200001d8   Data           4  lwip_comm.o(.data)
    ARPTimer                                 0x200001dc   Data           4  lwip_comm.o(.data)
    lwip_localtime                           0x200001e0   Data           4  lwip_comm.o(.data)
    TCPIP_THREAD_TASK_STK                    0x200001e4   Data           4  lwip_comm.o(.data)
    LWIP_DHCP_TASK_STK                       0x200001e8   Data           4  lwip_comm.o(.data)
    LWIP_DM9000_INPUT_TASK_STK               0x200001ec   Data           4  lwip_comm.o(.data)
    LWIP_DHCP_TaskHandler                    0x200001f0   Data           4  lwip_comm.o(.data)
    LWIP_DM9000_TaskHandler                  0x200001f4   Data           4  lwip_comm.o(.data)
    lcddev                                   0x200001f8   Data          14  lcd.o(.bss)
    dm9000cfg                                0x20000206   Data          18  dm9000.o(.bss)
    USART_RX_BUF                             0x20000218   Data         200  usart.o(.bss)
    mem1base                                 0x200002e0   Data       20480  malloc.o(.bss)
    mem1mapbase                              0x200052e0   Data        1280  malloc.o(.bss)
    xQueueRegistry                           0x200057e0   Data          64  queue.o(.bss)
    dhcp_rx_options_val                      0x2000abf4   Data          40  dhcp.o(.bss)
    dhcp_rx_options_given                    0x2000ac1c   Data          10  dhcp.o(.bss)
    lwipdev                                  0x2000ac74   Data          23  lwip_comm.o(.bss)
    lwip_netif                               0x2000ac8c   Data          52  lwip_comm.o(.bss)
    __libspace_start                         0x2000acc0   Data          96  libspace.o(.bss)
    __temporary_stack_top$libspace           0x2000ad20   Data           0  libspace.o(.bss)
    mem2base                                 0x68000000   Data       983040  malloc.o(.ARM.__AT_0x68000000)
    mem2mapbase                              0x680f0000   Data       61440  malloc.o(.ARM.__AT_0x680F0000)



==============================================================================

Memory Map of the image

  Image Entry point : 0x080002b9

  Load Region LR_1 (Base: 0x08000000, Size: 0x00013fd4, Max: 0xffffffff, ABSOLUTE, COMPRESSED[0x00013e50])

    Execution Region ER_RO (Exec base: 0x08000000, Load base: 0x08000000, Size: 0x00013ddc, Max: 0xffffffff, ABSOLUTE)

    Exec Addr    Load Addr    Size         Type   Attr      Idx    E Section Name        Object

    0x08000000   0x08000000   0x00000130   Data   RO          918    RESET               startup_stm32f10x_hd.o
    0x08000130   0x08000130   0x00000008   Code   RO         5949  * !!!main             c_w.l(__main.o)
    0x08000138   0x08000138   0x00000034   Code   RO         6140    !!!scatter          c_w.l(__scatter.o)
    0x0800016c   0x0800016c   0x0000005a   Code   RO         6138    !!dczerorl2         c_w.l(__dczerorl2.o)
    0x080001c6   0x080001c6   0x00000002   PAD
    0x080001c8   0x080001c8   0x0000001c   Code   RO         6142    !!handler_zi        c_w.l(__scatter_zi.o)
    0x080001e4   0x080001e4   0x00000000   Code   RO         5930    .ARM.Collect$$_printf_percent$$00000000  c_w.l(_printf_percent.o)
    0x080001e4   0x080001e4   0x00000006   Code   RO         5928    .ARM.Collect$$_printf_percent$$00000009  c_w.l(_printf_d.o)
    0x080001ea   0x080001ea   0x00000006   Code   RO         5927    .ARM.Collect$$_printf_percent$$0000000C  c_w.l(_printf_x.o)
    0x080001f0   0x080001f0   0x00000006   Code   RO         5926    .ARM.Collect$$_printf_percent$$00000014  c_w.l(_printf_s.o)
    0x080001f6   0x080001f6   0x00000004   Code   RO         5976    .ARM.Collect$$_printf_percent$$00000017  c_w.l(_printf_percent_end.o)
    0x080001fa   0x080001fa   0x00000002   Code   RO         6012    .ARM.Collect$$libinit$$00000000  c_w.l(libinit.o)
    0x080001fc   0x080001fc   0x00000000   Code   RO         6019    .ARM.Collect$$libinit$$00000002  c_w.l(libinit2.o)
    0x080001fc   0x080001fc   0x00000000   Code   RO         6021    .ARM.Collect$$libinit$$00000004  c_w.l(libinit2.o)
    0x080001fc   0x080001fc   0x00000000   Code   RO         6024    .ARM.Collect$$libinit$$0000000A  c_w.l(libinit2.o)
    0x080001fc   0x080001fc   0x00000000   Code   RO         6026    .ARM.Collect$$libinit$$0000000C  c_w.l(libinit2.o)
    0x080001fc   0x080001fc   0x00000000   Code   RO         6028    .ARM.Collect$$libinit$$0000000E  c_w.l(libinit2.o)
    0x080001fc   0x080001fc   0x00000000   Code   RO         6031    .ARM.Collect$$libinit$$00000011  c_w.l(libinit2.o)
    0x080001fc   0x080001fc   0x00000000   Code   RO         6033    .ARM.Collect$$libinit$$00000013  c_w.l(libinit2.o)
    0x080001fc   0x080001fc   0x00000000   Code   RO         6035    .ARM.Collect$$libinit$$00000015  c_w.l(libinit2.o)
    0x080001fc   0x080001fc   0x00000000   Code   RO         6037    .ARM.Collect$$libinit$$00000017  c_w.l(libinit2.o)
    0x080001fc   0x080001fc   0x00000000   Code   RO         6039    .ARM.Collect$$libinit$$00000019  c_w.l(libinit2.o)
    0x080001fc   0x080001fc   0x00000000   Code   RO         6041    .ARM.Collect$$libinit$$0000001B  c_w.l(libinit2.o)
    0x080001fc   0x080001fc   0x00000000   Code   RO         6043    .ARM.Collect$$libinit$$0000001D  c_w.l(libinit2.o)
    0x080001fc   0x080001fc   0x00000000   Code   RO         6045    .ARM.Collect$$libinit$$0000001F  c_w.l(libinit2.o)
    0x080001fc   0x080001fc   0x00000000   Code   RO         6047    .ARM.Collect$$libinit$$00000021  c_w.l(libinit2.o)
    0x080001fc   0x080001fc   0x00000000   Code   RO         6049    .ARM.Collect$$libinit$$00000023  c_w.l(libinit2.o)
    0x080001fc   0x080001fc   0x00000000   Code   RO         6051    .ARM.Collect$$libinit$$00000025  c_w.l(libinit2.o)
    0x080001fc   0x080001fc   0x00000000   Code   RO         6055    .ARM.Collect$$libinit$$0000002C  c_w.l(libinit2.o)
    0x080001fc   0x080001fc   0x00000000   Code   RO         6057    .ARM.Collect$$libinit$$0000002E  c_w.l(libinit2.o)
    0x080001fc   0x080001fc   0x00000000   Code   RO         6059    .ARM.Collect$$libinit$$00000030  c_w.l(libinit2.o)
    0x080001fc   0x080001fc   0x00000000   Code   RO         6061    .ARM.Collect$$libinit$$00000032  c_w.l(libinit2.o)
    0x080001fc   0x080001fc   0x00000002   Code   RO         6062    .ARM.Collect$$libinit$$00000033  c_w.l(libinit2.o)
    0x080001fe   0x080001fe   0x00000002   Code   RO         6080    .ARM.Collect$$libshutdown$$00000000  c_w.l(libshutdown.o)
    0x08000200   0x08000200   0x00000000   Code   RO         6090    .ARM.Collect$$libshutdown$$00000002  c_w.l(libshutdown2.o)
    0x08000200   0x08000200   0x00000000   Code   RO         6092    .ARM.Collect$$libshutdown$$00000004  c_w.l(libshutdown2.o)
    0x08000200   0x08000200   0x00000000   Code   RO         6095    .ARM.Collect$$libshutdown$$00000007  c_w.l(libshutdown2.o)
    0x08000200   0x08000200   0x00000000   Code   RO         6098    .ARM.Collect$$libshutdown$$0000000A  c_w.l(libshutdown2.o)
    0x08000200   0x08000200   0x00000000   Code   RO         6100    .ARM.Collect$$libshutdown$$0000000C  c_w.l(libshutdown2.o)
    0x08000200   0x08000200   0x00000000   Code   RO         6103    .ARM.Collect$$libshutdown$$0000000F  c_w.l(libshutdown2.o)
    0x08000200   0x08000200   0x00000002   Code   RO         6104    .ARM.Collect$$libshutdown$$00000010  c_w.l(libshutdown2.o)
    0x08000202   0x08000202   0x00000000   Code   RO         5965    .ARM.Collect$$rtentry$$00000000  c_w.l(__rtentry.o)
    0x08000202   0x08000202   0x00000000   Code   RO         5983    .ARM.Collect$$rtentry$$00000002  c_w.l(__rtentry2.o)
    0x08000202   0x08000202   0x00000006   Code   RO         5995    .ARM.Collect$$rtentry$$00000004  c_w.l(__rtentry4.o)
    0x08000208   0x08000208   0x00000000   Code   RO         5985    .ARM.Collect$$rtentry$$00000009  c_w.l(__rtentry2.o)
    0x08000208   0x08000208   0x00000004   Code   RO         5986    .ARM.Collect$$rtentry$$0000000A  c_w.l(__rtentry2.o)
    0x0800020c   0x0800020c   0x00000000   Code   RO         5988    .ARM.Collect$$rtentry$$0000000C  c_w.l(__rtentry2.o)
    0x0800020c   0x0800020c   0x00000008   Code   RO         5989    .ARM.Collect$$rtentry$$0000000D  c_w.l(__rtentry2.o)
    0x08000214   0x08000214   0x00000002   Code   RO         6016    .ARM.Collect$$rtexit$$00000000  c_w.l(rtexit.o)
    0x08000216   0x08000216   0x00000000   Code   RO         6064    .ARM.Collect$$rtexit$$00000002  c_w.l(rtexit2.o)
    0x08000216   0x08000216   0x00000004   Code   RO         6065    .ARM.Collect$$rtexit$$00000003  c_w.l(rtexit2.o)
    0x0800021a   0x0800021a   0x00000006   Code   RO         6066    .ARM.Collect$$rtexit$$00000004  c_w.l(rtexit2.o)
    0x08000220   0x08000220   0x00000096   Code   RO         3191    .emb_text           port.o
    0x080002b6   0x080002b6   0x00000002   PAD
    0x080002b8   0x080002b8   0x00000040   Code   RO          919  * .text               startup_stm32f10x_hd.o
    0x080002f8   0x080002f8   0x00000002   Code   RO         5868    .text               c_w.l(use_no_semi_2.o)
    0x080002fa   0x080002fa   0x00000002   PAD
    0x080002fc   0x080002fc   0x00000018   Code   RO         5874    .text               c_w.l(noretval__2printf.o)
    0x08000314   0x08000314   0x00000052   Code   RO         5880    .text               c_w.l(_printf_str.o)
    0x08000366   0x08000366   0x00000002   PAD
    0x08000368   0x08000368   0x00000078   Code   RO         5882    .text               c_w.l(_printf_dec.o)
    0x080003e0   0x080003e0   0x00000058   Code   RO         5887    .text               c_w.l(_printf_hex_int.o)
    0x08000438   0x08000438   0x00000094   Code   RO         5905    .text               c_w.l(__printf_flags.o)
    0x080004cc   0x080004cc   0x00000058   Code   RO         5931    .text               c_w.l(memcmp.o)
    0x08000524   0x08000524   0x0000008a   Code   RO         5937    .text               c_w.l(rt_memcpy_v6.o)
    0x080005ae   0x080005ae   0x00000064   Code   RO         5939    .text               c_w.l(rt_memcpy_w.o)
    0x08000612   0x08000612   0x00000010   Code   RO         5941    .text               c_w.l(aeabi_memset.o)
    0x08000622   0x08000622   0x00000044   Code   RO         5943    .text               c_w.l(rt_memclr.o)
    0x08000666   0x08000666   0x0000004e   Code   RO         5945    .text               c_w.l(rt_memclr_w.o)
    0x080006b4   0x080006b4   0x00000006   Code   RO         5947    .text               c_w.l(heapauxi.o)
    0x080006ba   0x080006ba   0x00000002   Code   RO         5963    .text               c_w.l(use_no_semi.o)
    0x080006bc   0x080006bc   0x000000b2   Code   RO         5966    .text               c_w.l(_printf_intcommon.o)
    0x0800076e   0x0800076e   0x00000002   PAD
    0x08000770   0x08000770   0x00000030   Code   RO         5968    .text               c_w.l(_printf_char_common.o)
    0x080007a0   0x080007a0   0x0000002c   Code   RO         5972    .text               c_w.l(_printf_char.o)
    0x080007cc   0x080007cc   0x00000024   Code   RO         5974    .text               c_w.l(_printf_char_file.o)
    0x080007f0   0x080007f0   0x00000008   Code   RO         5999    .text               c_w.l(ferror.o)
    0x080007f8   0x080007f8   0x0000004a   Code   RO         6003    .text               c_w.l(sys_stackheap_outer.o)
    0x08000842   0x08000842   0x00000012   Code   RO         6005    .text               c_w.l(exit.o)
    0x08000854   0x08000854   0x00000008   Code   RO         6013    .text               c_w.l(libspace.o)
    0x0800085c   0x0800085c   0x00000004   Code   RO          243    i.BusFault_Handler  stm32f10x_it.o
    0x08000860   0x08000860   0x00000018   Code   RO          360    i.ConfigureTimeForRunTimeStats  timer.o
    0x08000878   0x08000878   0x0000002c   Code   RO          643    i.DM9000_Get_DeiviceID  dm9000.o
    0x080008a4   0x080008a4   0x00000074   Code   RO          644    i.DM9000_Get_SpeedAndDuplex  dm9000.o
    0x08000918   0x08000918   0x000002f4   Code   RO          645    i.DM9000_Init       dm9000.o
    0x08000c0c   0x08000c0c   0x0000003c   Code   RO          646    i.DM9000_PHY_ReadReg  dm9000.o
    0x08000c48   0x08000c48   0x00000038   Code   RO          647    i.DM9000_PHY_WriteReg  dm9000.o
    0x08000c80   0x08000c80   0x00000014   Code   RO          648    i.DM9000_ReadReg    dm9000.o
    0x08000c94   0x08000c94   0x0000020c   Code   RO          649    i.DM9000_Receive_Packet  dm9000.o
    0x08000ea0   0x08000ea0   0x0000007c   Code   RO          650    i.DM9000_Reset      dm9000.o
    0x08000f1c   0x08000f1c   0x000000cc   Code   RO          651    i.DM9000_SendPacket  dm9000.o
    0x08000fe8   0x08000fe8   0x0000001c   Code   RO          652    i.DM9000_Set_MACAddress  dm9000.o
    0x08001004   0x08001004   0x0000001c   Code   RO          653    i.DM9000_Set_Multicast  dm9000.o
    0x08001020   0x08001020   0x0000005c   Code   RO          654    i.DM9000_Set_PHYMode  dm9000.o
    0x0800107c   0x0800107c   0x00000014   Code   RO          655    i.DM9000_WriteReg   dm9000.o
    0x08001090   0x08001090   0x00000090   Code   RO          656    i.DMA9000_ISRHandler  dm9000.o
    0x08001120   0x08001120   0x00000002   Code   RO          244    i.DebugMon_Handler  stm32f10x_it.o
    0x08001122   0x08001122   0x00000002   PAD
    0x08001124   0x08001124   0x00000020   Code   RO          657    i.EXTI9_5_IRQHandler  dm9000.o
    0x08001144   0x08001144   0x0000000c   Code   RO         2146    i.EXTI_ClearITPendingBit  stm32f10x_exti.o
    0x08001150   0x08001150   0x00000094   Code   RO         2151    i.EXTI_Init         stm32f10x_exti.o
    0x080011e4   0x080011e4   0x00000034   Code   RO         2036    i.FSMC_NORSRAMCmd   stm32f10x_fsmc.o
    0x08001218   0x08001218   0x000000e6   Code   RO         2038    i.FSMC_NORSRAMInit  stm32f10x_fsmc.o
    0x080012fe   0x080012fe   0x00000002   PAD
    0x08001300   0x08001300   0x000000c8   Code   RO          749    i.FSMC_SRAM_Init    sram.o
    0x080013c8   0x080013c8   0x00000040   Code   RO          962    i.GPIO_EXTILineConfig  stm32f10x_gpio.o
    0x08001408   0x08001408   0x00000116   Code   RO          965    i.GPIO_Init         stm32f10x_gpio.o
    0x0800151e   0x0800151e   0x00000004   Code   RO          973    i.GPIO_SetBits      stm32f10x_gpio.o
    0x08001522   0x08001522   0x00000004   Code   RO          245    i.HardFault_Handler  stm32f10x_it.o
    0x08001526   0x08001526   0x00000002   PAD
    0x08001528   0x08001528   0x0000003c   Code   RO          609    i.KEY_Init          key.o
    0x08001564   0x08001564   0x0000006c   Code   RO          407    i.LCD_Clear         lcd.o
    0x080015d0   0x080015d0   0x000001c0   Code   RO          411    i.LCD_Display_Dir   lcd.o
    0x08001790   0x08001790   0x00003774   Code   RO          418    i.LCD_Init          lcd.o
    0x08004f04   0x08004f04   0x00000014   Code   RO          420    i.LCD_RD_DATA       lcd.o
    0x08004f18   0x08004f18   0x00000016   Code   RO          422    i.LCD_ReadReg       lcd.o
    0x08004f2e   0x08004f2e   0x00000002   PAD
    0x08004f30   0x08004f30   0x00000054   Code   RO          423    i.LCD_SSD_BackLightSet  lcd.o
    0x08004f84   0x08004f84   0x000002ec   Code   RO          424    i.LCD_Scan_Dir      lcd.o
    0x08005270   0x08005270   0x000001a8   Code   RO          425    i.LCD_SetCursor     lcd.o
    0x08005418   0x08005418   0x0000000c   Code   RO          431    i.LCD_WR_DATA       lcd.o
    0x08005424   0x08005424   0x0000000c   Code   RO          432    i.LCD_WR_REG        lcd.o
    0x08005430   0x08005430   0x00000014   Code   RO          434    i.LCD_WriteRAM_Prepare  lcd.o
    0x08005444   0x08005444   0x00000010   Code   RO          435    i.LCD_WriteReg      lcd.o
    0x08005454   0x08005454   0x0000004c   Code   RO          348    i.LED_Init          led.o
    0x080054a0   0x080054a0   0x00000004   Code   RO          246    i.MemManage_Handler  stm32f10x_it.o
    0x080054a4   0x080054a4   0x00000002   Code   RO          247    i.NMI_Handler       stm32f10x_it.o
    0x080054a6   0x080054a6   0x00000002   PAD
    0x080054a8   0x080054a8   0x00000070   Code   RO          923    i.NVIC_Init         misc.o
    0x08005518   0x08005518   0x00000014   Code   RO          924    i.NVIC_PriorityGroupConfig  misc.o
    0x0800552c   0x0800552c   0x00000020   Code   RO         1098    i.RCC_AHBPeriphClockCmd  stm32f10x_rcc.o
    0x0800554c   0x0800554c   0x00000020   Code   RO         1099    i.RCC_APB1PeriphClockCmd  stm32f10x_rcc.o
    0x0800556c   0x0800556c   0x00000020   Code   RO         1101    i.RCC_APB2PeriphClockCmd  stm32f10x_rcc.o
    0x0800558c   0x0800558c   0x000000d4   Code   RO         1109    i.RCC_GetClocksFreq  stm32f10x_rcc.o
    0x08005660   0x08005660   0x00000008   Code   RO          314    i.SetSysClock       system_stm32f10x.o
    0x08005668   0x08005668   0x000000e0   Code   RO          315    i.SetSysClockTo72   system_stm32f10x.o
    0x08005748   0x08005748   0x00000028   Code   RO          927    i.SysTick_CLKSourceConfig  misc.o
    0x08005770   0x08005770   0x00000014   Code   RO          785    i.SysTick_Handler   delay.o
    0x08005784   0x08005784   0x00000060   Code   RO          317    i.SystemInit        system_stm32f10x.o
    0x080057e4   0x080057e4   0x00000034   Code   RO          361    i.TIM3_IRQHandler   timer.o
    0x08005818   0x08005818   0x00000060   Code   RO          362    i.TIM3_Int_Init     timer.o
    0x08005878   0x08005878   0x00000006   Code   RO         1488    i.TIM_ClearITPendingBit  stm32f10x_tim.o
    0x0800587e   0x0800587e   0x00000018   Code   RO         1493    i.TIM_Cmd           stm32f10x_tim.o
    0x08005896   0x08005896   0x00000022   Code   RO         1514    i.TIM_GetITStatus   stm32f10x_tim.o
    0x080058b8   0x080058b8   0x00000012   Code   RO         1518    i.TIM_ITConfig      stm32f10x_tim.o
    0x080058ca   0x080058ca   0x00000002   PAD
    0x080058cc   0x080058cc   0x000000a4   Code   RO         1564    i.TIM_TimeBaseInit  stm32f10x_tim.o
    0x08005970   0x08005970   0x00000088   Code   RO          862    i.USART1_IRQHandler  usart.o
    0x080059f8   0x080059f8   0x00000018   Code   RO         1301    i.USART_Cmd         stm32f10x_usart.o
    0x08005a10   0x08005a10   0x00000054   Code   RO         1305    i.USART_GetITStatus  stm32f10x_usart.o
    0x08005a64   0x08005a64   0x0000004a   Code   RO         1307    i.USART_ITConfig    stm32f10x_usart.o
    0x08005aae   0x08005aae   0x00000002   PAD
    0x08005ab0   0x08005ab0   0x000000d8   Code   RO         1308    i.USART_Init        stm32f10x_usart.o
    0x08005b88   0x08005b88   0x0000000a   Code   RO         1315    i.USART_ReceiveData  stm32f10x_usart.o
    0x08005b92   0x08005b92   0x00000004   Code   RO          248    i.UsageFault_Handler  stm32f10x_it.o
    0x08005b96   0x08005b96   0x00000004   Code   RO          863    i._sys_exit         usart.o
    0x08005b9a   0x08005b9a   0x00000002   PAD
    0x08005b9c   0x08005b9c   0x00000020   Code   RO         5201    i.arp_timer         timers_1.o
    0x08005bbc   0x08005bbc   0x0000005c   Code   RO          786    i.delay_init        delay.o
    0x08005c18   0x08005c18   0x00000040   Code   RO          787    i.delay_ms          delay.o
    0x08005c58   0x08005c58   0x00000048   Code   RO          788    i.delay_us          delay.o
    0x08005ca0   0x08005ca0   0x000000ac   Code   RO         4173    i.dhcp_arp_reply    dhcp.o
    0x08005d4c   0x08005d4c   0x000001ac   Code   RO         4174    i.dhcp_bind         dhcp.o
    0x08005ef8   0x08005ef8   0x00000046   Code   RO         4175    i.dhcp_check        dhcp.o
    0x08005f3e   0x08005f3e   0x00000002   PAD
    0x08005f40   0x08005f40   0x00000050   Code   RO         4177    i.dhcp_coarse_tmr   dhcp.o
    0x08005f90   0x08005f90   0x000002e0   Code   RO         4178    i.dhcp_create_msg   dhcp.o
    0x08006270   0x08006270   0x00000094   Code   RO         4179    i.dhcp_decline      dhcp.o
    0x08006304   0x08006304   0x0000012c   Code   RO         4180    i.dhcp_delete_msg   dhcp.o
    0x08006430   0x08006430   0x000000e4   Code   RO         4181    i.dhcp_discover     dhcp.o
    0x08006514   0x08006514   0x00000048   Code   RO         4182    i.dhcp_fine_tmr     dhcp.o
    0x0800655c   0x0800655c   0x00000078   Code   RO         4183    i.dhcp_handle_ack   dhcp.o
    0x080065d4   0x080065d4   0x0000003c   Code   RO         4184    i.dhcp_handle_nak   dhcp.o
    0x08006610   0x08006610   0x00000040   Code   RO         4185    i.dhcp_handle_offer  dhcp.o
    0x08006650   0x08006650   0x00000098   Code   RO         4188    i.dhcp_option       dhcp.o
    0x080066e8   0x080066e8   0x000000bc   Code   RO         4189    i.dhcp_option_byte  dhcp.o
    0x080067a4   0x080067a4   0x000000f0   Code   RO         4190    i.dhcp_option_long  dhcp.o
    0x08006894   0x08006894   0x00000094   Code   RO         4191    i.dhcp_option_short  dhcp.o
    0x08006928   0x08006928   0x00000170   Code   RO         4192    i.dhcp_option_trailer  dhcp.o
    0x08006a98   0x08006a98   0x00000516   Code   RO         4193    i.dhcp_parse_reply  dhcp.o
    0x08006fae   0x08006fae   0x00000002   PAD
    0x08006fb0   0x08006fb0   0x00000098   Code   RO         4194    i.dhcp_rebind       dhcp.o
    0x08007048   0x08007048   0x000000b8   Code   RO         4195    i.dhcp_reboot       dhcp.o
    0x08007100   0x08007100   0x000001ac   Code   RO         4196    i.dhcp_recv         dhcp.o
    0x080072ac   0x080072ac   0x000000b4   Code   RO         4197    i.dhcp_release      dhcp.o
    0x08007360   0x08007360   0x00000094   Code   RO         4198    i.dhcp_renew        dhcp.o
    0x080073f4   0x080073f4   0x00000104   Code   RO         4199    i.dhcp_select       dhcp.o
    0x080074f8   0x080074f8   0x00000010   Code   RO         4200    i.dhcp_set_state    dhcp.o
    0x08007508   0x08007508   0x000001c0   Code   RO         4202    i.dhcp_start        dhcp.o
    0x080076c8   0x080076c8   0x000000e8   Code   RO         4203    i.dhcp_stop         dhcp.o
    0x080077b0   0x080077b0   0x00000028   Code   RO         4204    i.dhcp_t1_timeout   dhcp.o
    0x080077d8   0x080077d8   0x00000028   Code   RO         4205    i.dhcp_t2_timeout   dhcp.o
    0x08007800   0x08007800   0x000000c4   Code   RO         4206    i.dhcp_timeout      dhcp.o
    0x080078c4   0x080078c4   0x00000020   Code   RO         5202    i.dhcp_timer_coarse  timers_1.o
    0x080078e4   0x080078e4   0x00000020   Code   RO         5203    i.dhcp_timer_fine   timers_1.o
    0x08007904   0x08007904   0x00000024   Code   RO            1    i.display_task      main.o
    0x08007928   0x08007928   0x000001c8   Code   RO         3982    i.etharp_arp_input  etharp.o
    0x08007af0   0x08007af0   0x00000038   Code   RO         3983    i.etharp_cleanup_netif  etharp.o
    0x08007b28   0x08007b28   0x000002f0   Code   RO         3985    i.etharp_find_entry  etharp.o
    0x08007e18   0x08007e18   0x00000078   Code   RO         3986    i.etharp_free_entry  etharp.o
    0x08007e90   0x08007e90   0x00000208   Code   RO         3987    i.etharp_output     etharp.o
    0x08008098   0x08008098   0x00000114   Code   RO         3988    i.etharp_output_to_arp_index  etharp.o
    0x080081ac   0x080081ac   0x00000278   Code   RO         3989    i.etharp_query      etharp.o
    0x08008424   0x08008424   0x0000019c   Code   RO         3990    i.etharp_raw        etharp.o
    0x080085c0   0x080085c0   0x00000030   Code   RO         3991    i.etharp_request    etharp.o
    0x080085f0   0x080085f0   0x000000b0   Code   RO         3992    i.etharp_send_ip    etharp.o
    0x080086a0   0x080086a0   0x00000094   Code   RO         3993    i.etharp_tmr        etharp.o
    0x08008734   0x08008734   0x00000158   Code   RO         3994    i.etharp_update_arp_entry  etharp.o
    0x0800888c   0x0800888c   0x00000144   Code   RO         3995    i.ethernet_input    etharp.o
    0x080089d0   0x080089d0   0x000000a4   Code   RO         4098    i.ethernetif_init   ethernetif.o
    0x08008a74   0x08008a74   0x00000054   Code   RO         4099    i.ethernetif_input  ethernetif.o
    0x08008ac8   0x08008ac8   0x0000001c   Code   RO          864    i.fputc             usart.o
    0x08008ae4   0x08008ae4   0x00000012   Code   RO         5391    i.icmp_dest_unreach  icmp.o
    0x08008af6   0x08008af6   0x00000002   PAD
    0x08008af8   0x08008af8   0x00000354   Code   RO         5392    i.icmp_input        icmp.o
    0x08008e4c   0x08008e4c   0x00000120   Code   RO         5393    i.icmp_send_response  icmp.o
    0x08008f6c   0x08008f6c   0x00000012   Code   RO         5394    i.icmp_time_exceeded  icmp.o
    0x08008f7e   0x08008f7e   0x00000014   Code   RO         5432    i.inet_chksum       inet_chksum.o
    0x08008f92   0x08008f92   0x00000056   Code   RO         5433    i.inet_chksum_pbuf  inet_chksum.o
    0x08008fe8   0x08008fe8   0x000000aa   Code   RO         5434    i.inet_chksum_pseudo  inet_chksum.o
    0x08009092   0x08009092   0x0000004e   Code   RO         5506    i.ip4_addr_isbroadcast  ip_addr.o
    0x080090e0   0x080090e0   0x0000023c   Code   RO         5559    i.ip_frag           ip_frag.o
    0x0800931c   0x0800931c   0x0000000a   Code   RO         5560    i.ip_frag_alloc_pbuf_custom_ref  ip_frag.o
    0x08009326   0x08009326   0x00000002   PAD
    0x08009328   0x08009328   0x0000008c   Code   RO         5561    i.ip_frag_free_pbuf_custom_ref  ip_frag.o
    0x080093b4   0x080093b4   0x00000210   Code   RO         5467    i.ip_input          ip.o
    0x080095c4   0x080095c4   0x000000b4   Code   RO         5468    i.ip_output         ip.o
    0x08009678   0x08009678   0x000001d4   Code   RO         5469    i.ip_output_if      ip.o
    0x0800984c   0x0800984c   0x000001a4   Code   RO         5562    i.ip_reass          ip_frag.o
    0x080099f0   0x080099f0   0x00000310   Code   RO         5563    i.ip_reass_chain_frag_into_datagram_and_validate  ip_frag.o
    0x08009d00   0x08009d00   0x000000b8   Code   RO         5564    i.ip_reass_dequeue_datagram  ip_frag.o
    0x08009db8   0x08009db8   0x00000058   Code   RO         5565    i.ip_reass_enqueue_new_datagram  ip_frag.o
    0x08009e10   0x08009e10   0x000001cc   Code   RO         5566    i.ip_reass_free_complete_datagram  ip_frag.o
    0x08009fdc   0x08009fdc   0x0000007c   Code   RO         5567    i.ip_reass_remove_oldest_datagram  ip_frag.o
    0x0800a058   0x0800a058   0x00000020   Code   RO         5204    i.ip_reass_timer    timers_1.o
    0x0800a078   0x0800a078   0x0000003c   Code   RO         5568    i.ip_reass_tmr      ip_frag.o
    0x0800a0b4   0x0800a0b4   0x00000058   Code   RO         5470    i.ip_route          ip.o
    0x0800a10c   0x0800a10c   0x000000bc   Code   RO         5569    i.ipfrag_free_pbuf_custom  ip_frag.o
    0x0800a1c8   0x0800a1c8   0x00000044   Code   RO            2    i.led_task          main.o
    0x0800a20c   0x0800a20c   0x0000004c   Code   RO         4100    i.low_level_init    ethernetif.o
    0x0800a258   0x0800a258   0x0000000e   Code   RO         4101    i.low_level_input   ethernetif.o
    0x0800a266   0x0800a266   0x00000010   Code   RO         4102    i.low_level_output  ethernetif.o
    0x0800a276   0x0800a276   0x00000002   PAD
    0x0800a278   0x0800a278   0x0000006c   Code   RO         5764    i.lwip_comm_default_ip_set  lwip_comm.o
    0x0800a2e4   0x0800a2e4   0x0000003c   Code   RO         5765    i.lwip_comm_dhcp_creat  lwip_comm.o
    0x0800a320   0x0800a320   0x0000001c   Code   RO         5766    i.lwip_comm_dhcp_delete  lwip_comm.o
    0x0800a33c   0x0800a33c   0x000000ec   Code   RO         5767    i.lwip_comm_init    lwip_comm.o
    0x0800a428   0x0800a428   0x00000020   Code   RO         5768    i.lwip_comm_mem_free  lwip_comm.o
    0x0800a448   0x0800a448   0x00000088   Code   RO         5769    i.lwip_comm_mem_malloc  lwip_comm.o
    0x0800a4d0   0x0800a4d0   0x00000360   Code   RO         5770    i.lwip_dhcp_task    lwip_comm.o
    0x0800a830   0x0800a830   0x00000010   Code   RO         5771    i.lwip_dm9000_input_task  lwip_comm.o
    0x0800a840   0x0800a840   0x0000001a   Code   RO         4143    i.lwip_htonl        def.o
    0x0800a85a   0x0800a85a   0x0000000c   Code   RO         4144    i.lwip_htons        def.o
    0x0800a866   0x0800a866   0x00000024   Code   RO         4371    i.lwip_init         init.o
    0x0800a88a   0x0800a88a   0x0000000c   Code   RO         4145    i.lwip_ntohl        def.o
    0x0800a896   0x0800a896   0x0000000c   Code   RO         4146    i.lwip_ntohs        def.o
    0x0800a8a2   0x0800a8a2   0x00000002   Code   RO         3719    i.lwip_socket_init  sockets.o
    0x0800a8a4   0x0800a8a4   0x0000005e   Code   RO         5436    i.lwip_standard_chksum  inet_chksum.o
    0x0800a902   0x0800a902   0x00000002   PAD
    0x0800a904   0x0800a904   0x00000064   Code   RO            3    i.main              main.o
    0x0800a968   0x0800a968   0x00000168   Code   RO         4415    i.mem_free          mem.o
    0x0800aad0   0x0800aad0   0x000000f4   Code   RO         4416    i.mem_init          mem.o
    0x0800abc4   0x0800abc4   0x00000288   Code   RO         4417    i.mem_malloc        mem.o
    0x0800ae4c   0x0800ae4c   0x000001ec   Code   RO         4418    i.mem_trim          mem.o
    0x0800b038   0x0800b038   0x000000c0   Code   RO         4458    i.memp_free         memp.o
    0x0800b0f8   0x0800b0f8   0x00000008   Code   RO         4459    i.memp_get_memorysize  memp.o
    0x0800b100   0x0800b100   0x00000068   Code   RO         4460    i.memp_init         memp.o
    0x0800b168   0x0800b168   0x00000100   Code   RO         4461    i.memp_malloc       memp.o
    0x0800b268   0x0800b268   0x0000006c   Code   RO         2199    i.my_mem_free       malloc.o
    0x0800b2d4   0x0800b2d4   0x00000044   Code   RO         2200    i.my_mem_init       malloc.o
    0x0800b318   0x0800b318   0x000000b0   Code   RO         2201    i.my_mem_malloc     malloc.o
    0x0800b3c8   0x0800b3c8   0x00000040   Code   RO         2202    i.my_mem_perused    malloc.o
    0x0800b408   0x0800b408   0x00000024   Code   RO         2203    i.myfree            malloc.o
    0x0800b42c   0x0800b42c   0x00000028   Code   RO         2204    i.mymalloc          malloc.o
    0x0800b454   0x0800b454   0x00000014   Code   RO         2206    i.mymemset          malloc.o
    0x0800b468   0x0800b468   0x00000104   Code   RO         4509    i.netif_add         netif.o
    0x0800b56c   0x0800b56c   0x00000002   Code   RO         4511    i.netif_init        netif.o
    0x0800b56e   0x0800b56e   0x00000028   Code   RO         4513    i.netif_set_addr    netif.o
    0x0800b596   0x0800b596   0x00000002   PAD
    0x0800b598   0x0800b598   0x00000010   Code   RO         4514    i.netif_set_default  netif.o
    0x0800b5a8   0x0800b5a8   0x0000002a   Code   RO         4515    i.netif_set_down    netif.o
    0x0800b5d2   0x0800b5d2   0x00000010   Code   RO         4516    i.netif_set_gw      netif.o
    0x0800b5e2   0x0800b5e2   0x00000002   PAD
    0x0800b5e4   0x0800b5e4   0x00000084   Code   RO         4517    i.netif_set_ipaddr  netif.o
    0x0800b668   0x0800b668   0x00000010   Code   RO         4520    i.netif_set_netmask  netif.o
    0x0800b678   0x0800b678   0x00000036   Code   RO         4521    i.netif_set_up      netif.o
    0x0800b6ae   0x0800b6ae   0x00000002   PAD
    0x0800b6b0   0x0800b6b0   0x00000424   Code   RO         4603    i.pbuf_alloc        pbuf.o
    0x0800bad4   0x0800bad4   0x00000108   Code   RO         4604    i.pbuf_alloced_custom  pbuf.o
    0x0800bbdc   0x0800bbdc   0x00000148   Code   RO         4605    i.pbuf_cat          pbuf.o
    0x0800bd24   0x0800bd24   0x0000001a   Code   RO         4606    i.pbuf_chain        pbuf.o
    0x0800bd3e   0x0800bd3e   0x00000012   Code   RO         4607    i.pbuf_clen         pbuf.o
    0x0800bd50   0x0800bd50   0x00000238   Code   RO         4609    i.pbuf_copy         pbuf.o
    0x0800bf88   0x0800bf88   0x0000014c   Code   RO         4610    i.pbuf_copy_partial  pbuf.o
    0x0800c0d4   0x0800c0d4   0x000001c0   Code   RO         4612    i.pbuf_free         pbuf.o
    0x0800c294   0x0800c294   0x00000040   Code   RO         4613    i.pbuf_free_ooseq   pbuf.o
    0x0800c2d4   0x0800c2d4   0x0000000a   Code   RO         4614    i.pbuf_free_ooseq_callback  pbuf.o
    0x0800c2de   0x0800c2de   0x00000002   PAD
    0x0800c2e0   0x0800c2e0   0x00000154   Code   RO         4616    i.pbuf_header       pbuf.o
    0x0800c434   0x0800c434   0x00000048   Code   RO         4619    i.pbuf_pool_is_empty  pbuf.o
    0x0800c47c   0x0800c47c   0x000001c4   Code   RO         4620    i.pbuf_realloc      pbuf.o
    0x0800c640   0x0800c640   0x0000001a   Code   RO         4621    i.pbuf_ref          pbuf.o
    0x0800c65a   0x0800c65a   0x00000002   PAD
    0x0800c65c   0x0800c65c   0x000001b4   Code   RO         4419    i.plug_holes        mem.o
    0x0800c810   0x0800c810   0x00000098   Code   RO         2646    i.prvAddCurrentTaskToDelayedList  tasks.o
    0x0800c8a8   0x0800c8a8   0x000000b8   Code   RO         2647    i.prvAddNewTaskToReadyList  tasks.o
    0x0800c960   0x0800c960   0x00000064   Code   RO         3012    i.prvCheckForValidListAndQueue  timers.o
    0x0800c9c4   0x0800c9c4   0x00000064   Code   RO         2648    i.prvCheckTasksWaitingTermination  tasks.o
    0x0800ca28   0x0800ca28   0x0000002a   Code   RO         2416    i.prvCopyDataFromQueue  queue.o
    0x0800ca52   0x0800ca52   0x0000007c   Code   RO         2417    i.prvCopyDataToQueue  queue.o
    0x0800cace   0x0800cace   0x00000012   Code   RO         2649    i.prvDeleteTCB      tasks.o
    0x0800cae0   0x0800cae0   0x00000028   Code   RO         3013    i.prvGetNextExpireTime  timers.o
    0x0800cb08   0x0800cb08   0x0000007c   Code   RO         3142    i.prvHeapInit       heap_4.o
    0x0800cb84   0x0800cb84   0x00000028   Code   RO         2650    i.prvIdleTask       tasks.o
    0x0800cbac   0x0800cbac   0x0000001c   Code   RO         2418    i.prvInitialiseMutex  queue.o
    0x0800cbc8   0x0800cbc8   0x0000002e   Code   RO         2419    i.prvInitialiseNewQueue  queue.o
    0x0800cbf6   0x0800cbf6   0x00000002   PAD
    0x0800cbf8   0x0800cbf8   0x000000d0   Code   RO         2651    i.prvInitialiseNewTask  tasks.o
    0x0800ccc8   0x0800ccc8   0x00000068   Code   RO         2652    i.prvInitialiseTaskLists  tasks.o
    0x0800cd30   0x0800cd30   0x00000068   Code   RO         3143    i.prvInsertBlockIntoFreeList  heap_4.o
    0x0800cd98   0x0800cd98   0x00000058   Code   RO         3015    i.prvInsertTimerInActiveList  timers.o
    0x0800cdf0   0x0800cdf0   0x0000001a   Code   RO         2420    i.prvIsQueueEmpty   queue.o
    0x0800ce0a   0x0800ce0a   0x0000001e   Code   RO         2421    i.prvIsQueueFull    queue.o
    0x0800ce28   0x0800ce28   0x000000a0   Code   RO         2422    i.prvNotifyQueueSetContainer  queue.o
    0x0800cec8   0x0800cec8   0x00000080   Code   RO         3016    i.prvProcessExpiredTimer  timers.o
    0x0800cf48   0x0800cf48   0x0000012c   Code   RO         3017    i.prvProcessReceivedCommands  timers.o
    0x0800d074   0x0800d074   0x00000074   Code   RO         3018    i.prvProcessTimerOrBlockTask  timers.o
    0x0800d0e8   0x0800d0e8   0x00000034   Code   RO         2654    i.prvResetNextTaskUnblockTime  tasks.o
    0x0800d11c   0x0800d11c   0x0000002c   Code   RO         3019    i.prvSampleTimeNow  timers.o
    0x0800d148   0x0800d148   0x000000bc   Code   RO         3020    i.prvSwitchTimerLists  timers.o
    0x0800d204   0x0800d204   0x00000070   Code   RO         3192    i.prvTaskExitError  port.o
    0x0800d274   0x0800d274   0x0000001a   Code   RO         3021    i.prvTimerTask      timers.o
    0x0800d28e   0x0800d28e   0x00000092   Code   RO         2423    i.prvUnlockQueue    queue.o
    0x0800d320   0x0800d320   0x00000154   Code   RO         3144    i.pvPortMalloc      heap_4.o
    0x0800d474   0x0800d474   0x00000020   Code   RO         2658    i.pvTaskIncrementMutexHeldCount  tasks.o
    0x0800d494   0x0800d494   0x00000024   Code   RO         3193    i.pxPortInitialiseStack  port.o
    0x0800d4b8   0x0800d4b8   0x00000074   Code   RO         4749    i.raw_input         raw.o
    0x0800d52c   0x0800d52c   0x00000078   Code   RO            5    i.start_task        main.o
    0x0800d5a4   0x0800d5a4   0x00000062   Code   RO         5625    i.sys_arch_mbox_fetch  sys_arch.o
    0x0800d606   0x0800d606   0x0000000a   Code   RO         5627    i.sys_arch_protect  sys_arch.o
    0x0800d610   0x0800d610   0x00000056   Code   RO         5628    i.sys_arch_sem_wait  sys_arch.o
    0x0800d666   0x0800d666   0x0000000a   Code   RO         5629    i.sys_arch_unprotect  sys_arch.o
    0x0800d670   0x0800d670   0x00000002   Code   RO         5630    i.sys_init          sys_arch.o
    0x0800d672   0x0800d672   0x00000002   PAD
    0x0800d674   0x0800d674   0x00000090   Code   RO         5632    i.sys_mbox_new      sys_arch.o
    0x0800d704   0x0800d704   0x00000018   Code   RO         5633    i.sys_mbox_post     sys_arch.o
    0x0800d71c   0x0800d71c   0x00000020   Code   RO         5635    i.sys_mbox_trypost  sys_arch.o
    0x0800d73c   0x0800d73c   0x0000000e   Code   RO         5636    i.sys_mbox_valid    sys_arch.o
    0x0800d74a   0x0800d74a   0x0000001e   Code   RO         5640    i.sys_sem_new       sys_arch.o
    0x0800d768   0x0800d768   0x00000012   Code   RO         5642    i.sys_sem_signal    sys_arch.o
    0x0800d77a   0x0800d77a   0x00000002   PAD
    0x0800d77c   0x0800d77c   0x00000034   Code   RO         5644    i.sys_thread_new    sys_arch.o
    0x0800d7b0   0x0800d7b0   0x00000148   Code   RO         5205    i.sys_timeout       timers_1.o
    0x0800d8f8   0x0800d8f8   0x00000044   Code   RO         5206    i.sys_timeouts_init  timers_1.o
    0x0800d93c   0x0800d93c   0x00000088   Code   RO         5207    i.sys_timeouts_mbox_fetch  timers_1.o
    0x0800d9c4   0x0800d9c4   0x00000060   Code   RO         5208    i.sys_untimeout     timers_1.o
    0x0800da24   0x0800da24   0x00000140   Code   RO         4809    i.tcp_abandon       tcp.o
    0x0800db64   0x0800db64   0x0000000e   Code   RO         4810    i.tcp_abort         tcp.o
    0x0800db72   0x0800db72   0x00000002   PAD
    0x0800db74   0x0800db74   0x000000c4   Code   RO         4813    i.tcp_alloc         tcp.o
    0x0800dc38   0x0800dc38   0x0000001c   Code   RO         4816    i.tcp_close         tcp.o
    0x0800dc54   0x0800dc54   0x0000024c   Code   RO         4817    i.tcp_close_shutdown  tcp.o
    0x0800dea0   0x0800dea0   0x000000b8   Code   RO         5103    i.tcp_create_segment  tcp_out.o
    0x0800df58   0x0800df58   0x0000002e   Code   RO         4820    i.tcp_eff_send_mss  tcp.o
    0x0800df86   0x0800df86   0x00000002   PAD
    0x0800df88   0x0800df88   0x000002a4   Code   RO         5104    i.tcp_enqueue_flags  tcp_out.o
    0x0800e22c   0x0800e22c   0x00000080   Code   RO         4822    i.tcp_fasttmr       tcp.o
    0x0800e2ac   0x0800e2ac   0x00000002   Code   RO         4823    i.tcp_init          tcp.o
    0x0800e2ae   0x0800e2ae   0x00000002   PAD
    0x0800e2b0   0x0800e2b0   0x000006d4   Code   RO         5047    i.tcp_input         tcp_in.o
    0x0800e984   0x0800e984   0x00000066   Code   RO         5105    i.tcp_keepalive     tcp_out.o
    0x0800e9ea   0x0800e9ea   0x00000002   PAD
    0x0800e9ec   0x0800e9ec   0x00000058   Code   RO         4824    i.tcp_kill_prio     tcp.o
    0x0800ea44   0x0800ea44   0x00000040   Code   RO         4825    i.tcp_kill_timewait  tcp.o
    0x0800ea84   0x0800ea84   0x0000013c   Code   RO         5048    i.tcp_listen_input  tcp_in.o
    0x0800ebc0   0x0800ebc0   0x0000001c   Code   RO         4829    i.tcp_next_iss      tcp.o
    0x0800ebdc   0x0800ebdc   0x00000090   Code   RO         5049    i.tcp_oos_insert_segment  tcp_in.o
    0x0800ec6c   0x0800ec6c   0x00000284   Code   RO         5106    i.tcp_output        tcp_out.o
    0x0800eef0   0x0800eef0   0x00000118   Code   RO         5107    i.tcp_output_alloc_header  tcp_out.o
    0x0800f008   0x0800f008   0x000000ec   Code   RO         5108    i.tcp_output_segment  tcp_out.o
    0x0800f0f4   0x0800f0f4   0x000000d0   Code   RO         5050    i.tcp_parseopt      tcp_in.o
    0x0800f1c4   0x0800f1c4   0x0000006a   Code   RO         4830    i.tcp_pcb_purge     tcp.o
    0x0800f22e   0x0800f22e   0x00000002   PAD
    0x0800f230   0x0800f230   0x00000174   Code   RO         4831    i.tcp_pcb_remove    tcp.o
    0x0800f3a4   0x0800f3a4   0x00000698   Code   RO         5051    i.tcp_process       tcp_in.o
    0x0800fa3c   0x0800fa3c   0x00000098   Code   RO         4833    i.tcp_process_refused_data  tcp.o
    0x0800fad4   0x0800fad4   0x00000dcc   Code   RO         5052    i.tcp_receive       tcp_in.o
    0x080108a0   0x080108a0   0x0000002e   Code   RO         4835    i.tcp_recv_null     tcp.o
    0x080108ce   0x080108ce   0x00000002   PAD
    0x080108d0   0x080108d0   0x0000011c   Code   RO         4836    i.tcp_recved        tcp.o
    0x080109ec   0x080109ec   0x0000005a   Code   RO         5110    i.tcp_rexmit        tcp_out.o
    0x08010a46   0x08010a46   0x00000078   Code   RO         5111    i.tcp_rexmit_fast   tcp_out.o
    0x08010abe   0x08010abe   0x0000003a   Code   RO         5112    i.tcp_rexmit_rto    tcp_out.o
    0x08010af8   0x08010af8   0x00000134   Code   RO         5113    i.tcp_rst           tcp_out.o
    0x08010c2c   0x08010c2c   0x00000026   Code   RO         4837    i.tcp_seg_copy      tcp.o
    0x08010c52   0x08010c52   0x0000001a   Code   RO         4838    i.tcp_seg_free      tcp.o
    0x08010c6c   0x08010c6c   0x00000018   Code   RO         4839    i.tcp_segs_free     tcp.o
    0x08010c84   0x08010c84   0x00000068   Code   RO         5114    i.tcp_send_empty_ack  tcp_out.o
    0x08010cec   0x08010cec   0x0000004a   Code   RO         5115    i.tcp_send_fin      tcp_out.o
    0x08010d36   0x08010d36   0x00000002   PAD
    0x08010d38   0x08010d38   0x00000618   Code   RO         4843    i.tcp_slowtmr       tcp.o
    0x08011350   0x08011350   0x00000038   Code   RO         5209    i.tcp_timer_needed  timers_1.o
    0x08011388   0x08011388   0x000000ac   Code   RO         5053    i.tcp_timewait_input  tcp_in.o
    0x08011434   0x08011434   0x00000024   Code   RO         4844    i.tcp_tmr           tcp.o
    0x08011458   0x08011458   0x000000d4   Code   RO         4845    i.tcp_update_rcv_ann_wnd  tcp.o
    0x0801152c   0x0801152c   0x000000c6   Code   RO         5118    i.tcp_zero_window_probe  tcp_out.o
    0x080115f2   0x080115f2   0x00000002   PAD
    0x080115f4   0x080115f4   0x00000060   Code   RO         3883    i.tcpip_callback_with_block  tcpip.o
    0x08011654   0x08011654   0x000000dc   Code   RO         3886    i.tcpip_init        tcpip.o
    0x08011730   0x08011730   0x0000004c   Code   RO         3887    i.tcpip_input       tcpip.o
    0x0801177c   0x0801177c   0x00000038   Code   RO         5210    i.tcpip_tcp_timer   timers_1.o
    0x080117b4   0x080117b4   0x00000164   Code   RO         3888    i.tcpip_thread      tcpip.o
    0x08011918   0x08011918   0x000000a4   Code   RO          865    i.uart_init         usart.o
    0x080119bc   0x080119bc   0x0000010c   Code   RO         5291    i.udp_bind          udp.o
    0x08011ac8   0x08011ac8   0x00000068   Code   RO         5292    i.udp_connect       udp.o
    0x08011b30   0x08011b30   0x00000002   Code   RO         5294    i.udp_init          udp.o
    0x08011b32   0x08011b32   0x00000002   PAD
    0x08011b34   0x08011b34   0x000002ac   Code   RO         5295    i.udp_input         udp.o
    0x08011de0   0x08011de0   0x0000001c   Code   RO         5296    i.udp_new           udp.o
    0x08011dfc   0x08011dfc   0x00000058   Code   RO         5297    i.udp_new_port      udp.o
    0x08011e54   0x08011e54   0x00000006   Code   RO         5298    i.udp_recv          udp.o
    0x08011e5a   0x08011e5a   0x00000002   PAD
    0x08011e5c   0x08011e5c   0x00000040   Code   RO         5299    i.udp_remove        udp.o
    0x08011e9c   0x08011e9c   0x000001b0   Code   RO         5302    i.udp_sendto_if     udp.o
    0x0801204c   0x0801204c   0x00000028   Code   RO         2379    i.uxListRemove      list.o
    0x08012074   0x08012074   0x0000001a   Code   RO         2380    i.vListInitialise   list.o
    0x0801208e   0x0801208e   0x00000006   Code   RO         2381    i.vListInitialiseItem  list.o
    0x08012094   0x08012094   0x00000034   Code   RO         2382    i.vListInsert       list.o
    0x080120c8   0x080120c8   0x00000018   Code   RO         2383    i.vListInsertEnd    list.o
    0x080120e0   0x080120e0   0x00000088   Code   RO         3195    i.vPortEnterCritical  port.o
    0x08012168   0x08012168   0x00000070   Code   RO         3196    i.vPortExitCritical  port.o
    0x080121d8   0x080121d8   0x000000b8   Code   RO         3145    i.vPortFree         heap_4.o
    0x08012290   0x08012290   0x00000020   Code   RO         3197    i.vPortSetupTimerInterrupt  port.o
    0x080122b0   0x080122b0   0x000000a0   Code   RO         3198    i.vPortValidateInterruptPriority  port.o
    0x08012350   0x08012350   0x0000002c   Code   RO         2429    i.vQueueAddToRegistry  queue.o
    0x0801237c   0x0801237c   0x0000004a   Code   RO         2433    i.vQueueWaitForMessageRestricted  queue.o
    0x080123c6   0x080123c6   0x00000002   PAD
    0x080123c8   0x080123c8   0x00000074   Code   RO         2666    i.vTaskDelay        tasks.o
    0x0801243c   0x0801243c   0x0000010c   Code   RO         2668    i.vTaskDelete       tasks.o
    0x08012548   0x08012548   0x0000000c   Code   RO         2673    i.vTaskMissedYield  tasks.o
    0x08012554   0x08012554   0x00000054   Code   RO         2675    i.vTaskPlaceOnEventList  tasks.o
    0x080125a8   0x080125a8   0x0000005c   Code   RO         2676    i.vTaskPlaceOnEventListRestricted  tasks.o
    0x08012604   0x08012604   0x000000b0   Code   RO         2678    i.vTaskPriorityInherit  tasks.o
    0x080126b4   0x080126b4   0x0000004c   Code   RO         2682    i.vTaskSetTimeOutState  tasks.o
    0x08012700   0x08012700   0x000000b0   Code   RO         2683    i.vTaskStartScheduler  tasks.o
    0x080127b0   0x080127b0   0x00000100   Code   RO         2684    i.vTaskSuspend      tasks.o
    0x080128b0   0x080128b0   0x00000010   Code   RO         2685    i.vTaskSuspendAll   tasks.o
    0x080128c0   0x080128c0   0x000000e8   Code   RO         2686    i.vTaskSwitchContext  tasks.o
    0x080129a8   0x080129a8   0x000000a0   Code   RO         3199    i.xPortStartScheduler  port.o
    0x08012a48   0x08012a48   0x00000034   Code   RO         3200    i.xPortSysTickHandler  port.o
    0x08012a7c   0x08012a7c   0x0000006c   Code   RO         2435    i.xQueueCreateCountingSemaphore  queue.o
    0x08012ae8   0x08012ae8   0x00000022   Code   RO         2436    i.xQueueCreateMutex  queue.o
    0x08012b0a   0x08012b0a   0x00000002   PAD
    0x08012b0c   0x08012b0c   0x00000074   Code   RO         2438    i.xQueueGenericCreate  queue.o
    0x08012b80   0x08012b80   0x000001c8   Code   RO         2439    i.xQueueGenericReceive  queue.o
    0x08012d48   0x08012d48   0x000000b0   Code   RO         2440    i.xQueueGenericReset  queue.o
    0x08012df8   0x08012df8   0x000001c4   Code   RO         2441    i.xQueueGenericSend  queue.o
    0x08012fbc   0x08012fbc   0x00000110   Code   RO         2442    i.xQueueGenericSendFromISR  queue.o
    0x080130cc   0x080130cc   0x000000fc   Code   RO         2443    i.xQueueGiveFromISR  queue.o
    0x080131c8   0x080131c8   0x000000a0   Code   RO         2687    i.xTaskCheckForTimeOut  tasks.o
    0x08013268   0x08013268   0x00000060   Code   RO         2688    i.xTaskCreate       tasks.o
    0x080132c8   0x080132c8   0x00000020   Code   RO         2692    i.xTaskGetSchedulerState  tasks.o
    0x080132e8   0x080132e8   0x0000000c   Code   RO         2693    i.xTaskGetTickCount  tasks.o
    0x080132f4   0x080132f4   0x00000160   Code   RO         2695    i.xTaskIncrementTick  tasks.o
    0x08013454   0x08013454   0x000000d8   Code   RO         2698    i.xTaskPriorityDisinherit  tasks.o
    0x0801352c   0x0801352c   0x000000b4   Code   RO         2699    i.xTaskRemoveFromEventList  tasks.o
    0x080135e0   0x080135e0   0x00000120   Code   RO         2701    i.xTaskResumeAll    tasks.o
    0x08013700   0x08013700   0x00000074   Code   RO         3025    i.xTimerCreateTimerTask  timers.o
    0x08013774   0x08013774   0x000000a4   Code   RO         3026    i.xTimerGenericCommand  timers.o
    0x08013818   0x08013818   0x0000005a   Code   RO         5951    x$fpl$dfixu         fz_ws.l(dfixu.o)
    0x08013872   0x08013872   0x00000026   Code   RO         5955    x$fpl$dfltu         fz_ws.l(dflt_clz.o)
    0x08013898   0x08013898   0x00000154   Code   RO         5961    x$fpl$dmul          fz_ws.l(dmul.o)
    0x080139ec   0x080139ec   0x0000009c   Code   RO         5977    x$fpl$dnaninf       fz_ws.l(dnaninf.o)
    0x08013a88   0x08013a88   0x0000000c   Code   RO         5979    x$fpl$dretinf       fz_ws.l(dretinf.o)
    0x08013a94   0x08013a94   0x00000000   Code   RO         5981    x$fpl$usenofp       fz_ws.l(usenofp.o)
    0x08013a94   0x08013a94   0x00000018   Data   RO         2211    .constdata          malloc.o
    0x08013aac   0x08013aac   0x0000000c   Data   RO         3997    .constdata          etharp.o
    0x08013ab8   0x08013ab8   0x00000038   Data   RO         4463    .constdata          memp.o
    0x08013af0   0x08013af0   0x00000050   Data   RO         4846    .constdata          tcp.o
    0x08013b40   0x08013b40   0x00000008   Data   RO         5513    .constdata          ip_addr.o
    0x08013b48   0x08013b48   0x00000028   Data   RO         5888    .constdata          c_w.l(_printf_hex_int.o)
    0x08013b70   0x08013b70   0x00000011   Data   RO         5906    .constdata          c_w.l(__printf_flags.o)
    0x08013b81   0x08013b81   0x00000003   PAD
    0x08013b84   0x08013b84   0x00000044   Data   RO         3998    .conststring        etharp.o
    0x08013bc8   0x08013bc8   0x0000008c   Data   RO         4208    .conststring        dhcp.o
    0x08013c54   0x08013c54   0x000000a0   Data   RO         4464    .conststring        memp.o
    0x08013cf4   0x08013cf4   0x0000006d   Data   RO         4847    .conststring        tcp.o
    0x08013d61   0x08013d61   0x00000003   PAD
    0x08013d64   0x08013d64   0x00000055   Data   RO         5119    .conststring        tcp_out.o
    0x08013db9   0x08013db9   0x00000003   PAD
    0x08013dbc   0x08013dbc   0x00000020   Data   RO         6136    Region$$Table       anon$$obj.o


    Execution Region ER_RW (Exec base: 0x20000000, Load base: 0x08013ddc, Size: 0x000001f8, Max: 0xffffffff, ABSOLUTE, COMPRESSED[0x00000074])

    Exec Addr    Load Addr    Size         Type   Attr      Idx    E Section Name        Object

    0x20000000   COMPRESSED   0x00000010   Data   RW            6    .data               main.o
    0x20000010   COMPRESSED   0x00000014   Data   RW          318    .data               system_stm32f10x.o
    0x20000024   COMPRESSED   0x00000004   PAD
    0x20000028   COMPRESSED   0x00000008   Data   RW          363    .data               timer.o
    0x20000030   COMPRESSED   0x00000008   Data   RW          659    .data               dm9000.o
    0x20000038   COMPRESSED   0x00000004   Data   RW          790    .data               delay.o
    0x2000003c   COMPRESSED   0x00000006   Data   RW          867    .data               usart.o
    0x20000042   COMPRESSED   0x00000014   Data   RW         1129    .data               stm32f10x_rcc.o
    0x20000056   COMPRESSED   0x00000002   PAD
    0x20000058   COMPRESSED   0x0000001c   Data   RW         2212    .data               malloc.o
    0x20000074   COMPRESSED   0x00000044   Data   RW         2704    .data               tasks.o
    0x200000b8   COMPRESSED   0x00000014   Data   RW         3034    .data               timers.o
    0x200000cc   COMPRESSED   0x00000018   Data   RW         3150    .data               heap_4.o
    0x200000e4   COMPRESSED   0x0000000c   Data   RW         3201    .data               port.o
    0x200000f0   COMPRESSED   0x0000000c   Data   RW         3892    .data               tcpip.o
    0x200000fc   COMPRESSED   0x00000001   Data   RW         3999    .data               etharp.o
    0x200000fd   COMPRESSED   0x00000003   PAD
    0x20000100   COMPRESSED   0x00000004   Data   RW         4209    .data               dhcp.o
    0x20000104   COMPRESSED   0x00000014   Data   RW         4420    .data               mem.o
    0x20000118   COMPRESSED   0x0000003c   Data   RW         4465    .data               memp.o
    0x20000154   COMPRESSED   0x00000009   Data   RW         4522    .data               netif.o
    0x2000015d   COMPRESSED   0x00000001   Data   RW         4624    .data               pbuf.o
    0x2000015e   COMPRESSED   0x00000002   PAD
    0x20000160   COMPRESSED   0x00000004   Data   RW         4755    .data               raw.o
    0x20000164   COMPRESSED   0x00000024   Data   RW         4848    .data               tcp.o
    0x20000188   COMPRESSED   0x00000020   Data   RW         5055    .data               tcp_in.o
    0x200001a8   COMPRESSED   0x00000008   Data   RW         5211    .data               timers_1.o
    0x200001b0   COMPRESSED   0x00000008   Data   RW         5303    .data               udp.o
    0x200001b8   COMPRESSED   0x00000012   Data   RW         5471    .data               ip.o
    0x200001ca   COMPRESSED   0x00000002   PAD
    0x200001cc   COMPRESSED   0x00000006   Data   RW         5570    .data               ip_frag.o
    0x200001d2   COMPRESSED   0x00000002   PAD
    0x200001d4   COMPRESSED   0x00000004   Data   RW         5646    .data               sys_arch.o
    0x200001d8   COMPRESSED   0x00000020   Data   RW         5773    .data               lwip_comm.o


    Execution Region ER_ZI (Exec base: 0x200001f8, Load base: 0x08013e50, Size: 0x0000b128, Max: 0xffffffff, ABSOLUTE)

    Exec Addr    Load Addr    Size         Type   Attr      Idx    E Section Name        Object

    0x200001f8        -       0x0000000e   Zero   RW          437    .bss                lcd.o
    0x20000206        -       0x00000012   Zero   RW          658    .bss                dm9000.o
    0x20000218        -       0x000000c8   Zero   RW          866    .bss                usart.o
    0x200002e0        -       0x00005500   Zero   RW         2210    .bss                malloc.o
    0x200057e0        -       0x00000040   Zero   RW         2453    .bss                queue.o
    0x20005820        -       0x000002e4   Zero   RW         2703    .bss                tasks.o
    0x20005b04        -       0x00000028   Zero   RW         3033    .bss                timers.o
    0x20005b2c        -       0x00005000   Zero   RW         3149    .bss                heap_4.o
    0x2000ab2c        -       0x000000c8   Zero   RW         3996    .bss                etharp.o
    0x2000abf4        -       0x00000032   Zero   RW         4207    .bss                dhcp.o
    0x2000ac26   0x08013e50   0x00000002   PAD
    0x2000ac28        -       0x00000038   Zero   RW         4462    .bss                memp.o
    0x2000ac60        -       0x00000014   Zero   RW         5054    .bss                tcp_in.o
    0x2000ac74        -       0x0000004c   Zero   RW         5772    .bss                lwip_comm.o
    0x2000acc0        -       0x00000060   Zero   RW         6014    .bss                c_w.l(libspace.o)
    0x2000ad20        -       0x00000200   Zero   RW          917    HEAP                startup_stm32f10x_hd.o
    0x2000af20        -       0x00000400   Zero   RW          916    STACK               startup_stm32f10x_hd.o



  Load Region LR$$.ARM.__AT_0x68000000 (Base: 0x68000000, Size: 0x00000000, Max: 0x000f0000, ABSOLUTE)

    Execution Region ER$$.ARM.__AT_0x68000000 (Exec base: 0x68000000, Load base: 0x68000000, Size: 0x000f0000, Max: 0x000f0000, ABSOLUTE, UNINIT)

    Exec Addr    Load Addr    Size         Type   Attr      Idx    E Section Name        Object

    0x68000000        -       0x000f0000   Zero   RW         2208    .ARM.__AT_0x68000000  malloc.o



  Load Region LR$$.ARM.__AT_0x680F0000 (Base: 0x680f0000, Size: 0x00000000, Max: 0x0000f000, ABSOLUTE)

    Execution Region ER$$.ARM.__AT_0x680F0000 (Exec base: 0x680f0000, Load base: 0x680f0000, Size: 0x0000f000, Max: 0x0000f000, ABSOLUTE, UNINIT)

    Exec Addr    Load Addr    Size         Type   Attr      Idx    E Section Name        Object

    0x680f0000        -       0x0000f000   Zero   RW         2209    .ARM.__AT_0x680F0000  malloc.o


==============================================================================

Image component sizes


      Code (inc. data)   RO Data    RW Data    ZI Data      Debug   Object Name

         0          0          0          0          0      11067   api_lib.o
        62          0          0          0          0       1988   def.o
       248         26          0          4          0       2169   delay.o
      7200       2072        140          4         50      21400   dhcp.o
      2248        412          0          8         18      14531   dm9000.o
         0          0          0          0          0        648   err.o
      4264       1322         80          1        200      19262   etharp.o
       354        118          0          0          0       4420   ethernetif.o
         0          0          0          0          0      10216   event_groups.o
       752        176          0         24      20480       3647   heap_4.o
      1176        456          0          0          0       3694   icmp.o
       370          0          0          0          0       3434   inet_chksum.o
        36          0          0          0          0       9993   init.o
      1264        274          0         18          0       7425   ip.o
        78          0          8          0          0       7078   ip_addr.o
      3030        954          0          6          0      10028   ip_frag.o
        60          8          0          0          0        463   key.o
     16110        150          0          0         14      16754   lcd.o
        76          8          0          0          0        467   led.o
       148          0          0          0          0       2850   list.o
      1480        638          0         32         76      12785   lwip_comm.o
       324         96          0         16          0     282706   main.o
       512         60         24         28    1066240       5733   malloc.o
      2180        938          0         20          0       5129   mem.o
       560        288        216         60         56       4482   memp.o
       172         22          0          0          0       1929   misc.o
         0          0          0          0          0       3808   netbuf.o
       578        126          0          9          0       7659   netif.o
      4008       1648          0          1          0      11577   pbuf.o
       950        320          0         12          0       9801   port.o
      2586        310          0          0         64      15149   queue.o
       116         14          0          4          0       1440   raw.o
         2          0          0          0          0        427   sockets.o
       200         18          0          0          0        673   sram.o
        64         26        304          0       1536        792   startup_stm32f10x_hd.o
       160         12          0          0          0       1405   stm32f10x_exti.o
       282          6          0          0          0       1717   stm32f10x_fsmc.o
       346          4          0          0          0       2989   stm32f10x_gpio.o
        20          0          0          0          0       2289   stm32f10x_it.o
       308         38          0         20          0       4806   stm32f10x_rcc.o
       246         42          0          0          0       3358   stm32f10x_tim.o
       408          6          0          0          0       4810   stm32f10x_usart.o
         0          0          0          0          0         32   sys.o
       520         88          0          4          0       8193   sys_arch.o
       328         28          0         20          0       1925   system_stm32f10x.o
      3730        956          0         68        740      28322   tasks.o
      4358       1248        189         36          0      24452   tcp.o
      7808       1300          0         32         20      17879   tcp_in.o
      3074        680         85          0          0      10783   tcp_out.o
       748        290          0         12          0       8599   tcpip.o
       172         20          0          8          0       5424   timer.o
      1310        312          0         20         40       8031   timers.o
       868        238          0          8          0       6539   timers_1.o
      1676        378          0          8          0      15888   udp.o
       332         28          0          6        200       4024   usart.o

    ----------------------------------------------------------------------
     77972      16154       1084        504    1089736     677089   Object Totals
         0          0         32          0          0          0   (incl. Generated)
        70          0          6         15          2          0   (incl. Padding)

    ----------------------------------------------------------------------

      Code (inc. data)   RO Data    RW Data    ZI Data      Debug   Library Member Name

        90          0          0          0          0          0   __dczerorl2.o
         8          0          0          0          0         68   __main.o
       148          4         17          0          0         84   __printf_flags.o
         0          0          0          0          0          0   __rtentry.o
        12          0          0          0          0          0   __rtentry2.o
         6          0          0          0          0          0   __rtentry4.o
        52          8          0          0          0          0   __scatter.o
        28          0          0          0          0          0   __scatter_zi.o
        44          0          0          0          0        108   _printf_char.o
        48          6          0          0          0         96   _printf_char_common.o
        36          4          0          0          0         80   _printf_char_file.o
         6          0          0          0          0          0   _printf_d.o
       120         16          0          0          0         92   _printf_dec.o
        88          4         40          0          0         88   _printf_hex_int.o
       178          0          0          0          0         88   _printf_intcommon.o
         0          0          0          0          0          0   _printf_percent.o
         4          0          0          0          0          0   _printf_percent_end.o
         6          0          0          0          0          0   _printf_s.o
        82          0          0          0          0         80   _printf_str.o
         6          0          0          0          0          0   _printf_x.o
        16          0          0          0          0         68   aeabi_memset.o
        18          0          0          0          0         80   exit.o
         8          0          0          0          0         68   ferror.o
         6          0          0          0          0        152   heapauxi.o
         2          0          0          0          0          0   libinit.o
         2          0          0          0          0          0   libinit2.o
         2          0          0          0          0          0   libshutdown.o
         2          0          0          0          0          0   libshutdown2.o
         8          4          0          0         96         68   libspace.o
        88          0          0          0          0         76   memcmp.o
        24          4          0          0          0         84   noretval__2printf.o
        68          0          0          0          0         68   rt_memclr.o
        78          0          0          0          0         80   rt_memclr_w.o
       138          0          0          0          0         68   rt_memcpy_v6.o
       100          0          0          0          0         80   rt_memcpy_w.o
         2          0          0          0          0          0   rtexit.o
        10          0          0          0          0          0   rtexit2.o
        74          0          0          0          0         80   sys_stackheap_outer.o
         2          0          0          0          0         68   use_no_semi.o
         2          0          0          0          0         68   use_no_semi_2.o
        90          4          0          0          0         92   dfixu.o
        38          0          0          0          0         68   dflt_clz.o
       340         12          0          0          0        104   dmul.o
       156          4          0          0          0         92   dnaninf.o
        12          0          0          0          0         68   dretinf.o
         0          0          0          0          0          0   usenofp.o

    ----------------------------------------------------------------------
      2256         70         60          0         96       2316   Library Totals
         8          0          3          0          0          0   (incl. Padding)

    ----------------------------------------------------------------------

      Code (inc. data)   RO Data    RW Data    ZI Data      Debug   Library Name

      1612         50         57          0         96       1892   c_w.l
       636         20          0          0          0        424   fz_ws.l

    ----------------------------------------------------------------------
      2256         70         60          0         96       2316   Library Totals

    ----------------------------------------------------------------------

==============================================================================


      Code (inc. data)   RO Data    RW Data    ZI Data      Debug   

     80228      16224       1144        504    1089832     659953   Grand Totals
     80228      16224       1144        116    1089832     659953   ELF Image Totals (compressed)
     80228      16224       1144        116          0          0   ROM Totals

==============================================================================

    Total RO  Size (Code + RO Data)                81372 (  79.46kB)
    Total RW  Size (RW Data + ZI Data)           1090336 (1064.78kB)
    Total ROM Size (Code + RO Data + RW Data)      81488 (  79.58kB)

==============================================================================

